13:53:41 **** Build of configuration Debug_FLASH for project s32k144_KNU_Driving_ABS_Simulator ****
make -j16 all 
Building file: ../src/main.c
Building file: ../Project_Settings/Startup_Code/startup.c
Building file: ../Project_Settings/Startup_Code/startup_S32K144.S
Invoking: Standard S32DS C Compiler
arm-none-eabi-gcc "@src/main.args" -MMD -MP -MF"src/main.d" -MT"src/main.o" -o "src/main.o" "../src/main.c"
Invoking: Standard S32DS C Compiler
arm-none-eabi-gcc "@Project_Settings/Startup_Code/startup.args" -MMD -MP -MF"Project_Settings/Startup_Code/startup.d" -MT"Project_Settings/Startup_Code/startup.o" -o "Project_Settings/Startup_Code/startup.o" "../Project_Settings/Startup_Code/startup.c"
Invoking: Standard S32DS Assembler
arm-none-eabi-gcc "@Project_Settings/Startup_Code/startup_S32K144.args" -o "Project_Settings/Startup_Code/startup_S32K144.o" "../Project_Settings/Startup_Code/startup_S32K144.S"
Building file: ../Project_Settings/Startup_Code/system_S32K144.c
Invoking: Standard S32DS C Compiler
arm-none-eabi-gcc "@Project_Settings/Startup_Code/startup.args" -MMD -MP -MF"Project_Settings/Startup_Code/system_S32K144.d" -MT"Project_Settings/Startup_Code/system_S32K144.o" -o "Project_Settings/Startup_Code/system_S32K144.o" "../Project_Settings/Startup_Code/system_S32K144.c"
Finished building: ../Project_Settings/Startup_Code/startup_S32K144.S
 
Finished building: ../src/main.c
Finished building: ../Project_Settings/Startup_Code/startup.c
 
 
Finished building: ../Project_Settings/Startup_Code/system_S32K144.c
 
Building target: s32k144_KNU_Driving_ABS_Simulator.elf
Invoking: Standard S32DS C Linker
arm-none-eabi-gcc -o "s32k144_KNU_Driving_ABS_Simulator.elf" "@s32k144_KNU_Driving_ABS_Simulator.args"   
Finished building target: s32k144_KNU_Driving_ABS_Simulator.elf
 
Invoking: Standard S32DS Print Size
arm-none-eabi-size --format=berkeley s32k144_KNU_Driving_ABS_Simulator.elf
   text	   data	    bss	    dec	    hex	filename
   2652	   1064	   3104	   6820	   1aa4	s32k144_KNU_Driving_ABS_Simulator.elf
Finished building: s32k144_KNU_Driving_ABS_Simulator.siz
 
13:54:22 **** Incremental Build of configuration Debug_FLASH for project s32k144_KNU_Driving_ABS_Simulator ****
make -j16 all 
Invoking: Standard S32DS Print Size
arm-none-eabi-size --format=berkeley s32k144_KNU_Driving_ABS_Simulator.elf
   text	   data	    bss	    dec	    hex	filename
   2652	   1064	   3104	   6820	   1aa4	s32k144_KNU_Driving_ABS_Simulator.elf
Finished building: s32k144_KNU_Driving_ABS_Simulator.siz
 
13:58:25 **** Incremental Build of configuration Debug_FLASH for project s32k144_KNU_Driving_ABS_Simulator ****
make -j16 all 
Invoking: Standard S32DS Print Size
arm-none-eabi-size --format=berkeley s32k144_KNU_Driving_ABS_Simulator.elf
   text	   data	    bss	    dec	    hex	filename
   2652	   1064	   3104	   6820	   1aa4	s32k144_KNU_Driving_ABS_Simulator.elf
Finished building: s32k144_KNU_Driving_ABS_Simulator.siz
 
13:59:15 **** Incremental Build of configuration Debug_FLASH for project s32k144_KNU_Driving_ABS_Simulator ****
make -j16 all 
Invoking: Standard S32DS Print Size
arm-none-eabi-size --format=berkeley s32k144_KNU_Driving_ABS_Simulator.elf
   text	   data	    bss	    dec	    hex	filename
   2652	   1064	   3104	   6820	   1aa4	s32k144_KNU_Driving_ABS_Simulator.elf
Finished building: s32k144_KNU_Driving_ABS_Simulator.siz
 
13:59:47 **** Incremental Build of configuration Debug_FLASH for project s32k144_KNU_Driving_ABS_Simulator ****
make -j16 all 
Invoking: Standard S32DS Print Size
arm-none-eabi-size --format=berkeley s32k144_KNU_Driving_ABS_Simulator.elf
   text	   data	    bss	    dec	    hex	filename
   2652	   1064	   3104	   6820	   1aa4	s32k144_KNU_Driving_ABS_Simulator.elf
Finished building: s32k144_KNU_Driving_ABS_Simulator.siz
 
14:00:18 **** Incremental Build of configuration Debug_FLASH for project s32k144_KNU_Driving_ABS_Simulator ****
make -j16 all 
Invoking: Standard S32DS Print Size
arm-none-eabi-size --format=berkeley s32k144_KNU_Driving_ABS_Simulator.elf
   text	   data	    bss	    dec	    hex	filename
   2652	   1064	   3104	   6820	   1aa4	s32k144_KNU_Driving_ABS_Simulator.elf
Finished building: s32k144_KNU_Driving_ABS_Simulator.siz
 
14:24:13 **** Incremental Build of configuration Debug_FLASH for project s32k144_KNU_Driving_ABS_Simulator ****
make -j16 all 
Building file: ../src/main.c
Building file: ../include/clocks_and_modes.c
Invoking: Standard S32DS C Compiler
arm-none-eabi-gcc "@src/main.args" -MMD -MP -MF"src/main.d" -MT"src/main.o" -o "src/main.o" "../src/main.c"
Invoking: Standard S32DS C Compiler
arm-none-eabi-gcc "@include/clocks_and_modes.args" -MMD -MP -MF"include/clocks_and_modes.d" -MT"include/clocks_and_modes.o" -o "include/clocks_and_modes.o" "../include/clocks_and_modes.c"
Finished building: ../include/clocks_and_modes.c
Finished building: ../src/main.c
 
 
Building target: s32k144_KNU_Driving_ABS_Simulator.elf
Invoking: Standard S32DS C Linker
arm-none-eabi-gcc -o "s32k144_KNU_Driving_ABS_Simulator.elf" "@s32k144_KNU_Driving_ABS_Simulator.args"   
Finished building target: s32k144_KNU_Driving_ABS_Simulator.elf
 
Invoking: Standard S32DS Print Size
arm-none-eabi-size --format=berkeley s32k144_KNU_Driving_ABS_Simulator.elf
   text	   data	    bss	    dec	    hex	filename
   3800	   1136	   3128	   8064	   1f80	s32k144_KNU_Driving_ABS_Simulator.elf
Finished building: s32k144_KNU_Driving_ABS_Simulator.siz
 
14:24:21 **** Incremental Build of configuration Debug_FLASH for project s32k144_KNU_Driving_ABS_Simulator ****
make -j16 all 
Invoking: Standard S32DS Print Size
arm-none-eabi-size --format=berkeley s32k144_KNU_Driving_ABS_Simulator.elf
   text	   data	    bss	    dec	    hex	filename
   3800	   1136	   3128	   8064	   1f80	s32k144_KNU_Driving_ABS_Simulator.elf
Finished building: s32k144_KNU_Driving_ABS_Simulator.siz
 
14:24:24 **** Incremental Build of configuration Debug_FLASH for project s32k144_KNU_Driving_ABS_Simulator ****
make -j16 all 
Invoking: Standard S32DS Print Size
arm-none-eabi-size --format=berkeley s32k144_KNU_Driving_ABS_Simulator.elf
   text	   data	    bss	    dec	    hex	filename
   3800	   1136	   3128	   8064	   1f80	s32k144_KNU_Driving_ABS_Simulator.elf
Finished building: s32k144_KNU_Driving_ABS_Simulator.siz
 
14:28:41 **** Incremental Build of configuration Debug_FLASH for project s32k144_KNU_Driving_ABS_Simulator ****
make -j16 all 
Building file: ../src/main.c
Invoking: Standard S32DS C Compiler
arm-none-eabi-gcc "@src/main.args" -MMD -MP -MF"src/main.d" -MT"src/main.o" -o "src/main.o" "../src/main.c"
../src/main.c: In function 'main':
../src/main.c:160:9: warning: unused variable 'num' [-Wunused-variable]
     int num = 0;
         ^~~
Finished building: ../src/main.c
 
Building target: s32k144_KNU_Driving_ABS_Simulator.elf
Invoking: Standard S32DS C Linker
arm-none-eabi-gcc -o "s32k144_KNU_Driving_ABS_Simulator.elf" "@s32k144_KNU_Driving_ABS_Simulator.args"   
Finished building target: s32k144_KNU_Driving_ABS_Simulator.elf
 
Invoking: Standard S32DS Print Size
arm-none-eabi-size --format=berkeley s32k144_KNU_Driving_ABS_Simulator.elf
   text	   data	    bss	    dec	    hex	filename
   3784	   1136	   3128	   8048	   1f70	s32k144_KNU_Driving_ABS_Simulator.elf
Finished building: s32k144_KNU_Driving_ABS_Simulator.siz
 
14:28:50 **** Incremental Build of configuration Debug_FLASH for project s32k144_KNU_Driving_ABS_Simulator ****
make -j16 all 
Invoking: Standard S32DS Print Size
arm-none-eabi-size --format=berkeley s32k144_KNU_Driving_ABS_Simulator.elf
   text	   data	    bss	    dec	    hex	filename
   3784	   1136	   3128	   8048	   1f70	s32k144_KNU_Driving_ABS_Simulator.elf
Finished building: s32k144_KNU_Driving_ABS_Simulator.siz
 
14:29:13 **** Incremental Build of configuration Debug_FLASH for project s32k144_KNU_Driving_ABS_Simulator ****
make -j16 all 
Building file: ../src/main.c
Invoking: Standard S32DS C Compiler
arm-none-eabi-gcc "@src/main.args" -MMD -MP -MF"src/main.d" -MT"src/main.o" -o "src/main.o" "../src/main.c"
../src/main.c: In function 'main':
../src/main.c:160:9: warning: unused variable 'num' [-Wunused-variable]
     int num = 0;
         ^~~
Finished building: ../src/main.c
 
Building target: s32k144_KNU_Driving_ABS_Simulator.elf
Invoking: Standard S32DS C Linker
arm-none-eabi-gcc -o "s32k144_KNU_Driving_ABS_Simulator.elf" "@s32k144_KNU_Driving_ABS_Simulator.args"   
Finished building target: s32k144_KNU_Driving_ABS_Simulator.elf
 
Invoking: Standard S32DS Print Size
arm-none-eabi-size --format=berkeley s32k144_KNU_Driving_ABS_Simulator.elf
   text	   data	    bss	    dec	    hex	filename
   3784	   1136	   3128	   8048	   1f70	s32k144_KNU_Driving_ABS_Simulator.elf
Finished building: s32k144_KNU_Driving_ABS_Simulator.siz
 
14:29:15 **** Incremental Build of configuration Debug_FLASH for project s32k144_KNU_Driving_ABS_Simulator ****
make -j16 all 
Invoking: Standard S32DS Print Size
arm-none-eabi-size --format=berkeley s32k144_KNU_Driving_ABS_Simulator.elf
   text	   data	    bss	    dec	    hex	filename
   3784	   1136	   3128	   8048	   1f70	s32k144_KNU_Driving_ABS_Simulator.elf
Finished building: s32k144_KNU_Driving_ABS_Simulator.siz
 
14:30:54 **** Incremental Build of configuration Debug_FLASH for project s32k144_KNU_Driving_ABS_Simulator ****
make -j16 all 
Invoking: Standard S32DS Print Size
arm-none-eabi-size --format=berkeley s32k144_KNU_Driving_ABS_Simulator.elf
   text	   data	    bss	    dec	    hex	filename
   3784	   1136	   3128	   8048	   1f70	s32k144_KNU_Driving_ABS_Simulator.elf
Finished building: s32k144_KNU_Driving_ABS_Simulator.siz
 
15:13:20 **** Incremental Build of configuration Debug_FLASH for project s32k144_KNU_Driving_ABS_Simulator ****
make -j16 all 
Building file: ../src/main.c
Invoking: Standard S32DS C Compiler
arm-none-eabi-gcc "@src/main.args" -MMD -MP -MF"src/main.d" -MT"src/main.o" -o "src/main.o" "../src/main.c"
../src/main.c: In function 'main':
../src/main.c:160:9: warning: unused variable 'num' [-Wunused-variable]
     int num = 0;
         ^~~
Finished building: ../src/main.c
 
Building target: s32k144_KNU_Driving_ABS_Simulator.elf
Invoking: Standard S32DS C Linker
arm-none-eabi-gcc -o "s32k144_KNU_Driving_ABS_Simulator.elf" "@s32k144_KNU_Driving_ABS_Simulator.args"   
Finished building target: s32k144_KNU_Driving_ABS_Simulator.elf
 
Invoking: Standard S32DS Print Size
arm-none-eabi-size --format=berkeley s32k144_KNU_Driving_ABS_Simulator.elf
   text	   data	    bss	    dec	    hex	filename
   3784	   1136	   3128	   8048	   1f70	s32k144_KNU_Driving_ABS_Simulator.elf
Finished building: s32k144_KNU_Driving_ABS_Simulator.siz
 
15:17:12 **** Incremental Build of configuration Debug_FLASH for project s32k144_KNU_Driving_ABS_Simulator ****
make -j16 all 
Invoking: Standard S32DS Print Size
arm-none-eabi-size --format=berkeley s32k144_KNU_Driving_ABS_Simulator.elf
   text	   data	    bss	    dec	    hex	filename
   3784	   1136	   3128	   8048	   1f70	s32k144_KNU_Driving_ABS_Simulator.elf
Finished building: s32k144_KNU_Driving_ABS_Simulator.siz
 
15:19:02 **** Incremental Build of configuration Debug_FLASH for project s32k144_KNU_Driving_ABS_Simulator ****
make -j16 all 
Building file: ../src/main.c
Invoking: Standard S32DS C Compiler
arm-none-eabi-gcc "@src/main.args" -MMD -MP -MF"src/main.d" -MT"src/main.o" -o "src/main.o" "../src/main.c"
../src/main.c: In function 'main':
../src/main.c:160:9: warning: unused variable 'num' [-Wunused-variable]
     int num = 0;
         ^~~
Finished building: ../src/main.c
 
Building target: s32k144_KNU_Driving_ABS_Simulator.elf
Invoking: Standard S32DS C Linker
arm-none-eabi-gcc -o "s32k144_KNU_Driving_ABS_Simulator.elf" "@s32k144_KNU_Driving_ABS_Simulator.args"   
Finished building target: s32k144_KNU_Driving_ABS_Simulator.elf
 
Invoking: Standard S32DS Print Size
arm-none-eabi-size --format=berkeley s32k144_KNU_Driving_ABS_Simulator.elf
   text	   data	    bss	    dec	    hex	filename
   3784	   1136	   3128	   8048	   1f70	s32k144_KNU_Driving_ABS_Simulator.elf
Finished building: s32k144_KNU_Driving_ABS_Simulator.siz
 
15:45:23 **** Incremental Build of configuration Debug_FLASH for project s32k144_KNU_Driving_ABS_Simulator ****
make -j16 all 
Building file: ../src/main.c
Invoking: Standard S32DS C Compiler
arm-none-eabi-gcc "@src/main.args" -MMD -MP -MF"src/main.d" -MT"src/main.o" -o "src/main.o" "../src/main.c"
../src/main.c: In function 'main':
../src/main.c:160:9: warning: unused variable 'num' [-Wunused-variable]
     int num = 0;
         ^~~
Finished building: ../src/main.c
 
Building target: s32k144_KNU_Driving_ABS_Simulator.elf
Invoking: Standard S32DS C Linker
arm-none-eabi-gcc -o "s32k144_KNU_Driving_ABS_Simulator.elf" "@s32k144_KNU_Driving_ABS_Simulator.args"   
Finished building target: s32k144_KNU_Driving_ABS_Simulator.elf
 
Invoking: Standard S32DS Print Size
arm-none-eabi-size --format=berkeley s32k144_KNU_Driving_ABS_Simulator.elf
   text	   data	    bss	    dec	    hex	filename
   3784	   1136	   3128	   8048	   1f70	s32k144_KNU_Driving_ABS_Simulator.elf
Finished building: s32k144_KNU_Driving_ABS_Simulator.siz
 
15:45:26 **** Incremental Build of configuration Debug_FLASH for project s32k144_KNU_Driving_ABS_Simulator ****
make -j16 all 
Invoking: Standard S32DS Print Size
arm-none-eabi-size --format=berkeley s32k144_KNU_Driving_ABS_Simulator.elf
   text	   data	    bss	    dec	    hex	filename
   3784	   1136	   3128	   8048	   1f70	s32k144_KNU_Driving_ABS_Simulator.elf
Finished building: s32k144_KNU_Driving_ABS_Simulator.siz
 
15:46:54 **** Incremental Build of configuration Debug_FLASH for project s32k144_KNU_Driving_ABS_Simulator ****
make -j16 all 
Building file: ../src/main.c
Invoking: Standard S32DS C Compiler
arm-none-eabi-gcc "@src/main.args" -MMD -MP -MF"src/main.d" -MT"src/main.o" -o "src/main.o" "../src/main.c"
Finished building: ../src/main.c
 
Building target: s32k144_KNU_Driving_ABS_Simulator.elf
Invoking: Standard S32DS C Linker
arm-none-eabi-gcc -o "s32k144_KNU_Driving_ABS_Simulator.elf" "@s32k144_KNU_Driving_ABS_Simulator.args"   
Finished building target: s32k144_KNU_Driving_ABS_Simulator.elf
 
Invoking: Standard S32DS Print Size
arm-none-eabi-size --format=berkeley s32k144_KNU_Driving_ABS_Simulator.elf
   text	   data	    bss	    dec	    hex	filename
   3800	   1136	   3128	   8064	   1f80	s32k144_KNU_Driving_ABS_Simulator.elf
Finished building: s32k144_KNU_Driving_ABS_Simulator.siz
 
15:46:56 **** Incremental Build of configuration Debug_FLASH for project s32k144_KNU_Driving_ABS_Simulator ****
make -j16 all 
Invoking: Standard S32DS Print Size
arm-none-eabi-size --format=berkeley s32k144_KNU_Driving_ABS_Simulator.elf
   text	   data	    bss	    dec	    hex	filename
   3800	   1136	   3128	   8064	   1f80	s32k144_KNU_Driving_ABS_Simulator.elf
Finished building: s32k144_KNU_Driving_ABS_Simulator.siz
 
15:47:15 **** Incremental Build of configuration Debug_FLASH for project s32k144_KNU_Driving_ABS_Simulator ****
make -j16 all 
Building file: ../src/main.c
Invoking: Standard S32DS C Compiler
arm-none-eabi-gcc "@src/main.args" -MMD -MP -MF"src/main.d" -MT"src/main.o" -o "src/main.o" "../src/main.c"
Finished building: ../src/main.c
 
Building target: s32k144_KNU_Driving_ABS_Simulator.elf
Invoking: Standard S32DS C Linker
arm-none-eabi-gcc -o "s32k144_KNU_Driving_ABS_Simulator.elf" "@s32k144_KNU_Driving_ABS_Simulator.args"   
Finished building target: s32k144_KNU_Driving_ABS_Simulator.elf
 
Invoking: Standard S32DS Print Size
arm-none-eabi-size --format=berkeley s32k144_KNU_Driving_ABS_Simulator.elf
   text	   data	    bss	    dec	    hex	filename
   3800	   1136	   3128	   8064	   1f80	s32k144_KNU_Driving_ABS_Simulator.elf
Finished building: s32k144_KNU_Driving_ABS_Simulator.siz
 
15:47:24 **** Incremental Build of configuration Debug_FLASH for project s32k144_KNU_Driving_ABS_Simulator ****
make -j16 all 
Invoking: Standard S32DS Print Size
arm-none-eabi-size --format=berkeley s32k144_KNU_Driving_ABS_Simulator.elf
   text	   data	    bss	    dec	    hex	filename
   3800	   1136	   3128	   8064	   1f80	s32k144_KNU_Driving_ABS_Simulator.elf
Finished building: s32k144_KNU_Driving_ABS_Simulator.siz
 
15:54:41 **** Incremental Build of configuration Debug_FLASH for project s32k144_KNU_Driving_ABS_Simulator ****
make -j16 all 
Building file: ../src/main.c
Invoking: Standard S32DS C Compiler
arm-none-eabi-gcc "@src/main.args" -MMD -MP -MF"src/main.d" -MT"src/main.o" -o "src/main.o" "../src/main.c"
Finished building: ../src/main.c
 
Building target: s32k144_KNU_Driving_ABS_Simulator.elf
Invoking: Standard S32DS C Linker
arm-none-eabi-gcc -o "s32k144_KNU_Driving_ABS_Simulator.elf" "@s32k144_KNU_Driving_ABS_Simulator.args"   
Finished building target: s32k144_KNU_Driving_ABS_Simulator.elf
 
Invoking: Standard S32DS Print Size
arm-none-eabi-size --format=berkeley s32k144_KNU_Driving_ABS_Simulator.elf
   text	   data	    bss	    dec	    hex	filename
   3812	   1136	   3128	   8076	   1f8c	s32k144_KNU_Driving_ABS_Simulator.elf
Finished building: s32k144_KNU_Driving_ABS_Simulator.siz
 
15:55:15 **** Incremental Build of configuration Debug_FLASH for project s32k144_KNU_Driving_ABS_Simulator ****
make -j16 all 
Building file: ../src/main.c
Invoking: Standard S32DS C Compiler
arm-none-eabi-gcc "@src/main.args" -MMD -MP -MF"src/main.d" -MT"src/main.o" -o "src/main.o" "../src/main.c"
Finished building: ../src/main.c
 
Building target: s32k144_KNU_Driving_ABS_Simulator.elf
Invoking: Standard S32DS C Linker
arm-none-eabi-gcc -o "s32k144_KNU_Driving_ABS_Simulator.elf" "@s32k144_KNU_Driving_ABS_Simulator.args"   
Finished building target: s32k144_KNU_Driving_ABS_Simulator.elf
 
Invoking: Standard S32DS Print Size
arm-none-eabi-size --format=berkeley s32k144_KNU_Driving_ABS_Simulator.elf
   text	   data	    bss	    dec	    hex	filename
   3808	   1136	   3128	   8072	   1f88	s32k144_KNU_Driving_ABS_Simulator.elf
Finished building: s32k144_KNU_Driving_ABS_Simulator.siz
 
15:55:53 **** Incremental Build of configuration Debug_FLASH for project s32k144_KNU_Driving_ABS_Simulator ****
make -j16 all 
Building file: ../src/main.c
Invoking: Standard S32DS C Compiler
arm-none-eabi-gcc "@src/main.args" -MMD -MP -MF"src/main.d" -MT"src/main.o" -o "src/main.o" "../src/main.c"
Finished building: ../src/main.c
 
Building target: s32k144_KNU_Driving_ABS_Simulator.elf
Invoking: Standard S32DS C Linker
arm-none-eabi-gcc -o "s32k144_KNU_Driving_ABS_Simulator.elf" "@s32k144_KNU_Driving_ABS_Simulator.args"   
Finished building target: s32k144_KNU_Driving_ABS_Simulator.elf
 
Invoking: Standard S32DS Print Size
arm-none-eabi-size --format=berkeley s32k144_KNU_Driving_ABS_Simulator.elf
   text	   data	    bss	    dec	    hex	filename
   3812	   1136	   3128	   8076	   1f8c	s32k144_KNU_Driving_ABS_Simulator.elf
Finished building: s32k144_KNU_Driving_ABS_Simulator.siz
 
15:56:24 **** Incremental Build of configuration Debug_FLASH for project s32k144_KNU_Driving_ABS_Simulator ****
make -j16 all 
Building file: ../src/main.c
Invoking: Standard S32DS C Compiler
arm-none-eabi-gcc "@src/main.args" -MMD -MP -MF"src/main.d" -MT"src/main.o" -o "src/main.o" "../src/main.c"
Finished building: ../src/main.c
 
Building target: s32k144_KNU_Driving_ABS_Simulator.elf
Invoking: Standard S32DS C Linker
arm-none-eabi-gcc -o "s32k144_KNU_Driving_ABS_Simulator.elf" "@s32k144_KNU_Driving_ABS_Simulator.args"   
Finished building target: s32k144_KNU_Driving_ABS_Simulator.elf
 
Invoking: Standard S32DS Print Size
arm-none-eabi-size --format=berkeley s32k144_KNU_Driving_ABS_Simulator.elf
   text	   data	    bss	    dec	    hex	filename
   3812	   1136	   3128	   8076	   1f8c	s32k144_KNU_Driving_ABS_Simulator.elf
Finished building: s32k144_KNU_Driving_ABS_Simulator.siz
 
16:02:33 **** Incremental Build of configuration Debug_FLASH for project s32k144_KNU_Driving_ABS_Simulator ****
make -j16 all 
Building file: ../src/main.c
Invoking: Standard S32DS C Compiler
arm-none-eabi-gcc "@src/main.args" -MMD -MP -MF"src/main.d" -MT"src/main.o" -o "src/main.o" "../src/main.c"
Finished building: ../src/main.c
 
Building target: s32k144_KNU_Driving_ABS_Simulator.elf
Invoking: Standard S32DS C Linker
arm-none-eabi-gcc -o "s32k144_KNU_Driving_ABS_Simulator.elf" "@s32k144_KNU_Driving_ABS_Simulator.args"   
Finished building target: s32k144_KNU_Driving_ABS_Simulator.elf
 
Invoking: Standard S32DS Print Size
arm-none-eabi-size --format=berkeley s32k144_KNU_Driving_ABS_Simulator.elf
   text	   data	    bss	    dec	    hex	filename
   3792	   1136	   3128	   8056	   1f78	s32k144_KNU_Driving_ABS_Simulator.elf
Finished building: s32k144_KNU_Driving_ABS_Simulator.siz
 
16:48:59 **** Incremental Build of configuration Debug_FLASH for project s32k144_KNU_Driving_ABS_Simulator ****
make -j16 all 
Building file: ../src/main.c
Invoking: Standard S32DS C Compiler
arm-none-eabi-gcc "@src/main.args" -MMD -MP -MF"src/main.d" -MT"src/main.o" -o "src/main.o" "../src/main.c"
../src/main.c: In function 'PORTA_IRQHandler':
../src/main.c:164:4: error: 'state' undeclared (first use in this function)
    state = 1;
    ^~~~~
../src/main.c:164:4: note: each undeclared identifier is reported only once for each function it appears in
../src/main.c: In function 'TEST':
../src/main.c:207:5: error: 'state' undeclared (first use in this function)
  if(state == 1)
     ^~~~~
make: *** [src/subdir.mk:20: src/main.o] Error 1
16:49:14 **** Incremental Build of configuration Debug_FLASH for project s32k144_KNU_Driving_ABS_Simulator ****
make -j16 all 
Building file: ../src/main.c
Invoking: Standard S32DS C Compiler
arm-none-eabi-gcc "@src/main.args" -MMD -MP -MF"src/main.d" -MT"src/main.o" -o "src/main.o" "../src/main.c"
../src/main.c: In function 'PORTA_IRQHandler':
../src/main.c:164:4: error: 'state' undeclared (first use in this function)
    state = 1;
    ^~~~~
../src/main.c:164:4: note: each undeclared identifier is reported only once for each function it appears in
../src/main.c: In function 'TEST':
../src/main.c:207:5: error: 'state' undeclared (first use in this function)
  if(state == 1)
     ^~~~~
make: *** [src/subdir.mk:20: src/main.o] Error 1
16:49:36 **** Incremental Build of configuration Debug_FLASH for project s32k144_KNU_Driving_ABS_Simulator ****
make -j16 all 
Building file: ../src/main.c
Invoking: Standard S32DS C Compiler
arm-none-eabi-gcc "@src/main.args" -MMD -MP -MF"src/main.d" -MT"src/main.o" -o "src/main.o" "../src/main.c"
../src/main.c: In function 'TEST':
../src/main.c:207:5: error: 'state' undeclared (first use in this function)
  if(state == 1)
     ^~~~~
../src/main.c:207:5: note: each undeclared identifier is reported only once for each function it appears in
make: *** [src/subdir.mk:20: src/main.o] Error 1
16:49:48 **** Incremental Build of configuration Debug_FLASH for project s32k144_KNU_Driving_ABS_Simulator ****
make -j16 all 
Building file: ../src/main.c
Invoking: Standard S32DS C Compiler
arm-none-eabi-gcc "@src/main.args" -MMD -MP -MF"src/main.d" -MT"src/main.o" -o "src/main.o" "../src/main.c"
Finished building: ../src/main.c
 
Building target: s32k144_KNU_Driving_ABS_Simulator.elf
Invoking: Standard S32DS C Linker
arm-none-eabi-gcc -o "s32k144_KNU_Driving_ABS_Simulator.elf" "@s32k144_KNU_Driving_ABS_Simulator.args"   
Finished building target: s32k144_KNU_Driving_ABS_Simulator.elf
 
Invoking: Standard S32DS Print Size
arm-none-eabi-size --format=berkeley s32k144_KNU_Driving_ABS_Simulator.elf
   text	   data	    bss	    dec	    hex	filename
   4116	   1136	   3136	   8388	   20c4	s32k144_KNU_Driving_ABS_Simulator.elf
Finished building: s32k144_KNU_Driving_ABS_Simulator.siz
 
16:49:53 **** Incremental Build of configuration Debug_FLASH for project s32k144_KNU_Driving_ABS_Simulator ****
make -j16 all 
Invoking: Standard S32DS Print Size
arm-none-eabi-size --format=berkeley s32k144_KNU_Driving_ABS_Simulator.elf
   text	   data	    bss	    dec	    hex	filename
   4116	   1136	   3136	   8388	   20c4	s32k144_KNU_Driving_ABS_Simulator.elf
Finished building: s32k144_KNU_Driving_ABS_Simulator.siz
 
16:52:03 **** Incremental Build of configuration Debug_FLASH for project s32k144_KNU_Driving_ABS_Simulator ****
make -j16 all 
Building file: ../src/main.c
Invoking: Standard S32DS C Compiler
arm-none-eabi-gcc "@src/main.args" -MMD -MP -MF"src/main.d" -MT"src/main.o" -o "src/main.o" "../src/main.c"
Finished building: ../src/main.c
 
Building target: s32k144_KNU_Driving_ABS_Simulator.elf
Invoking: Standard S32DS C Linker
arm-none-eabi-gcc -o "s32k144_KNU_Driving_ABS_Simulator.elf" "@s32k144_KNU_Driving_ABS_Simulator.args"   
Finished building target: s32k144_KNU_Driving_ABS_Simulator.elf
 
Invoking: Standard S32DS Print Size
arm-none-eabi-size --format=berkeley s32k144_KNU_Driving_ABS_Simulator.elf
   text	   data	    bss	    dec	    hex	filename
   4120	   1136	   3136	   8392	   20c8	s32k144_KNU_Driving_ABS_Simulator.elf
Finished building: s32k144_KNU_Driving_ABS_Simulator.siz
 
16:53:52 **** Incremental Build of configuration Debug_FLASH for project s32k144_KNU_Driving_ABS_Simulator ****
make -j16 all 
Building file: ../src/main.c
Invoking: Standard S32DS C Compiler
arm-none-eabi-gcc "@src/main.args" -MMD -MP -MF"src/main.d" -MT"src/main.o" -o "src/main.o" "../src/main.c"
Finished building: ../src/main.c
 
Building target: s32k144_KNU_Driving_ABS_Simulator.elf
Invoking: Standard S32DS C Linker
arm-none-eabi-gcc -o "s32k144_KNU_Driving_ABS_Simulator.elf" "@s32k144_KNU_Driving_ABS_Simulator.args"   
Finished building target: s32k144_KNU_Driving_ABS_Simulator.elf
 
Invoking: Standard S32DS Print Size
arm-none-eabi-size --format=berkeley s32k144_KNU_Driving_ABS_Simulator.elf
   text	   data	    bss	    dec	    hex	filename
   4116	   1136	   3136	   8388	   20c4	s32k144_KNU_Driving_ABS_Simulator.elf
Finished building: s32k144_KNU_Driving_ABS_Simulator.siz
 
16:58:43 **** Incremental Build of configuration Debug_FLASH for project s32k144_KNU_Driving_ABS_Simulator ****
make -j16 all 
Building file: ../src/main.c
Invoking: Standard S32DS C Compiler
arm-none-eabi-gcc "@src/main.args" -MMD -MP -MF"src/main.d" -MT"src/main.o" -o "src/main.o" "../src/main.c"
Finished building: ../src/main.c
 
Building target: s32k144_KNU_Driving_ABS_Simulator.elf
Invoking: Standard S32DS C Linker
arm-none-eabi-gcc -o "s32k144_KNU_Driving_ABS_Simulator.elf" "@s32k144_KNU_Driving_ABS_Simulator.args"   
Finished building target: s32k144_KNU_Driving_ABS_Simulator.elf
 
Invoking: Standard S32DS Print Size
arm-none-eabi-size --format=berkeley s32k144_KNU_Driving_ABS_Simulator.elf
   text	   data	    bss	    dec	    hex	filename
   4032	   1136	   3136	   8304	   2070	s32k144_KNU_Driving_ABS_Simulator.elf
Finished building: s32k144_KNU_Driving_ABS_Simulator.siz
 
16:59:51 **** Incremental Build of configuration Debug_FLASH for project s32k144_KNU_Driving_ABS_Simulator ****
make -j16 all 
Building file: ../src/main.c
Invoking: Standard S32DS C Compiler
arm-none-eabi-gcc "@src/main.args" -MMD -MP -MF"src/main.d" -MT"src/main.o" -o "src/main.o" "../src/main.c"
Finished building: ../src/main.c
 
Building target: s32k144_KNU_Driving_ABS_Simulator.elf
Invoking: Standard S32DS C Linker
arm-none-eabi-gcc -o "s32k144_KNU_Driving_ABS_Simulator.elf" "@s32k144_KNU_Driving_ABS_Simulator.args"   
Finished building target: s32k144_KNU_Driving_ABS_Simulator.elf
 
Invoking: Standard S32DS Print Size
arm-none-eabi-size --format=berkeley s32k144_KNU_Driving_ABS_Simulator.elf
   text	   data	    bss	    dec	    hex	filename
   4068	   1136	   3136	   8340	   2094	s32k144_KNU_Driving_ABS_Simulator.elf
Finished building: s32k144_KNU_Driving_ABS_Simulator.siz
 
17:09:22 **** Incremental Build of configuration Debug_FLASH for project s32k144_KNU_Driving_ABS_Simulator ****
make -j16 all 
Building file: ../src/main.c
Invoking: Standard S32DS C Compiler
arm-none-eabi-gcc "@src/main.args" -MMD -MP -MF"src/main.d" -MT"src/main.o" -o "src/main.o" "../src/main.c"
Finished building: ../src/main.c
 
Building target: s32k144_KNU_Driving_ABS_Simulator.elf
Invoking: Standard S32DS C Linker
arm-none-eabi-gcc -o "s32k144_KNU_Driving_ABS_Simulator.elf" "@s32k144_KNU_Driving_ABS_Simulator.args"   
Finished building target: s32k144_KNU_Driving_ABS_Simulator.elf
 
Invoking: Standard S32DS Print Size
arm-none-eabi-size --format=berkeley s32k144_KNU_Driving_ABS_Simulator.elf
   text	   data	    bss	    dec	    hex	filename
   4132	   1136	   3136	   8404	   20d4	s32k144_KNU_Driving_ABS_Simulator.elf
Finished building: s32k144_KNU_Driving_ABS_Simulator.siz
 
17:28:18 **** Incremental Build of configuration Debug_FLASH for project s32k144_KNU_Driving_ABS_Simulator ****
make -j16 all 
Building file: ../src/main.c
Invoking: Standard S32DS C Compiler
arm-none-eabi-gcc "@src/main.args" -MMD -MP -MF"src/main.d" -MT"src/main.o" -o "src/main.o" "../src/main.c"
Finished building: ../src/main.c
 
Building target: s32k144_KNU_Driving_ABS_Simulator.elf
Invoking: Standard S32DS C Linker
arm-none-eabi-gcc -o "s32k144_KNU_Driving_ABS_Simulator.elf" "@s32k144_KNU_Driving_ABS_Simulator.args"   
Finished building target: s32k144_KNU_Driving_ABS_Simulator.elf
 
Invoking: Standard S32DS Print Size
arm-none-eabi-size --format=berkeley s32k144_KNU_Driving_ABS_Simulator.elf
   text	   data	    bss	    dec	    hex	filename
   4084	   1136	   3136	   8356	   20a4	s32k144_KNU_Driving_ABS_Simulator.elf
Finished building: s32k144_KNU_Driving_ABS_Simulator.siz
 
17:28:56 **** Incremental Build of configuration Debug_FLASH for project s32k144_KNU_Driving_ABS_Simulator ****
make -j16 all 
Building file: ../src/main.c
Invoking: Standard S32DS C Compiler
arm-none-eabi-gcc "@src/main.args" -MMD -MP -MF"src/main.d" -MT"src/main.o" -o "src/main.o" "../src/main.c"
Finished building: ../src/main.c
 
Building target: s32k144_KNU_Driving_ABS_Simulator.elf
Invoking: Standard S32DS C Linker
arm-none-eabi-gcc -o "s32k144_KNU_Driving_ABS_Simulator.elf" "@s32k144_KNU_Driving_ABS_Simulator.args"   
Finished building target: s32k144_KNU_Driving_ABS_Simulator.elf
 
Invoking: Standard S32DS Print Size
arm-none-eabi-size --format=berkeley s32k144_KNU_Driving_ABS_Simulator.elf
   text	   data	    bss	    dec	    hex	filename
   4076	   1136	   3136	   8348	   209c	s32k144_KNU_Driving_ABS_Simulator.elf
Finished building: s32k144_KNU_Driving_ABS_Simulator.siz
 
17:33:09 **** Incremental Build of configuration Debug_FLASH for project s32k144_KNU_Driving_ABS_Simulator ****
make -j16 all 
Building file: ../src/main.c
Invoking: Standard S32DS C Compiler
arm-none-eabi-gcc "@src/main.args" -MMD -MP -MF"src/main.d" -MT"src/main.o" -o "src/main.o" "../src/main.c"
Finished building: ../src/main.c
 
Building target: s32k144_KNU_Driving_ABS_Simulator.elf
Invoking: Standard S32DS C Linker
arm-none-eabi-gcc -o "s32k144_KNU_Driving_ABS_Simulator.elf" "@s32k144_KNU_Driving_ABS_Simulator.args"   
Finished building target: s32k144_KNU_Driving_ABS_Simulator.elf
 
Invoking: Standard S32DS Print Size
arm-none-eabi-size --format=berkeley s32k144_KNU_Driving_ABS_Simulator.elf
   text	   data	    bss	    dec	    hex	filename
   3968	   1136	   3136	   8240	   2030	s32k144_KNU_Driving_ABS_Simulator.elf
Finished building: s32k144_KNU_Driving_ABS_Simulator.siz
 
17:34:08 **** Incremental Build of configuration Debug_FLASH for project s32k144_KNU_Driving_ABS_Simulator ****
make -j16 all 
Building file: ../src/main.c
Invoking: Standard S32DS C Compiler
arm-none-eabi-gcc "@src/main.args" -MMD -MP -MF"src/main.d" -MT"src/main.o" -o "src/main.o" "../src/main.c"
Finished building: ../src/main.c
 
Building target: s32k144_KNU_Driving_ABS_Simulator.elf
Invoking: Standard S32DS C Linker
arm-none-eabi-gcc -o "s32k144_KNU_Driving_ABS_Simulator.elf" "@s32k144_KNU_Driving_ABS_Simulator.args"   
Finished building target: s32k144_KNU_Driving_ABS_Simulator.elf
 
Invoking: Standard S32DS Print Size
arm-none-eabi-size --format=berkeley s32k144_KNU_Driving_ABS_Simulator.elf
   text	   data	    bss	    dec	    hex	filename
   3800	   1136	   3128	   8064	   1f80	s32k144_KNU_Driving_ABS_Simulator.elf
Finished building: s32k144_KNU_Driving_ABS_Simulator.siz
 
17:34:22 **** Incremental Build of configuration Debug_FLASH for project s32k144_KNU_Driving_ABS_Simulator ****
make -j16 all 
Invoking: Standard S32DS Print Size
arm-none-eabi-size --format=berkeley s32k144_KNU_Driving_ABS_Simulator.elf
   text	   data	    bss	    dec	    hex	filename
   3800	   1136	   3128	   8064	   1f80	s32k144_KNU_Driving_ABS_Simulator.elf
Finished building: s32k144_KNU_Driving_ABS_Simulator.siz
 
17:37:10 **** Incremental Build of configuration Debug_FLASH for project s32k144_KNU_Driving_ABS_Simulator ****
make -j16 all 
Building file: ../src/main.c
Invoking: Standard S32DS C Compiler
arm-none-eabi-gcc "@src/main.args" -MMD -MP -MF"src/main.d" -MT"src/main.o" -o "src/main.o" "../src/main.c"
Finished building: ../src/main.c
 
Building target: s32k144_KNU_Driving_ABS_Simulator.elf
Invoking: Standard S32DS C Linker
arm-none-eabi-gcc -o "s32k144_KNU_Driving_ABS_Simulator.elf" "@s32k144_KNU_Driving_ABS_Simulator.args"   
Finished building target: s32k144_KNU_Driving_ABS_Simulator.elf
 
Invoking: Standard S32DS Print Size
arm-none-eabi-size --format=berkeley s32k144_KNU_Driving_ABS_Simulator.elf
   text	   data	    bss	    dec	    hex	filename
   3964	   1136	   3128	   8228	   2024	s32k144_KNU_Driving_ABS_Simulator.elf
Finished building: s32k144_KNU_Driving_ABS_Simulator.siz
 
17:37:16 **** Incremental Build of configuration Debug_FLASH for project s32k144_KNU_Driving_ABS_Simulator ****
make -j16 all 
Invoking: Standard S32DS Print Size
arm-none-eabi-size --format=berkeley s32k144_KNU_Driving_ABS_Simulator.elf
   text	   data	    bss	    dec	    hex	filename
   3964	   1136	   3128	   8228	   2024	s32k144_KNU_Driving_ABS_Simulator.elf
Finished building: s32k144_KNU_Driving_ABS_Simulator.siz
 
17:40:00 **** Incremental Build of configuration Debug_FLASH for project s32k144_KNU_Driving_ABS_Simulator ****
make -j16 all 
Building file: ../src/main.c
Invoking: Standard S32DS C Compiler
arm-none-eabi-gcc "@src/main.args" -MMD -MP -MF"src/main.d" -MT"src/main.o" -o "src/main.o" "../src/main.c"
Finished building: ../src/main.c
 
Building target: s32k144_KNU_Driving_ABS_Simulator.elf
Invoking: Standard S32DS C Linker
arm-none-eabi-gcc -o "s32k144_KNU_Driving_ABS_Simulator.elf" "@s32k144_KNU_Driving_ABS_Simulator.args"   
Finished building target: s32k144_KNU_Driving_ABS_Simulator.elf
 
Invoking: Standard S32DS Print Size
arm-none-eabi-size --format=berkeley s32k144_KNU_Driving_ABS_Simulator.elf
   text	   data	    bss	    dec	    hex	filename
   4020	   1136	   3128	   8284	   205c	s32k144_KNU_Driving_ABS_Simulator.elf
Finished building: s32k144_KNU_Driving_ABS_Simulator.siz
 
17:40:52 **** Incremental Build of configuration Debug_FLASH for project s32k144_KNU_Driving_ABS_Simulator ****
make -j16 all 
Building file: ../src/main.c
Invoking: Standard S32DS C Compiler
arm-none-eabi-gcc "@src/main.args" -MMD -MP -MF"src/main.d" -MT"src/main.o" -o "src/main.o" "../src/main.c"
Finished building: ../src/main.c
 
Building target: s32k144_KNU_Driving_ABS_Simulator.elf
Invoking: Standard S32DS C Linker
arm-none-eabi-gcc -o "s32k144_KNU_Driving_ABS_Simulator.elf" "@s32k144_KNU_Driving_ABS_Simulator.args"   
Finished building target: s32k144_KNU_Driving_ABS_Simulator.elf
 
Invoking: Standard S32DS Print Size
arm-none-eabi-size --format=berkeley s32k144_KNU_Driving_ABS_Simulator.elf
   text	   data	    bss	    dec	    hex	filename
   4020	   1136	   3128	   8284	   205c	s32k144_KNU_Driving_ABS_Simulator.elf
Finished building: s32k144_KNU_Driving_ABS_Simulator.siz
 
17:43:57 **** Incremental Build of configuration Debug_FLASH for project s32k144_KNU_Driving_ABS_Simulator ****
make -j16 all 
Building file: ../src/main.c
Invoking: Standard S32DS C Compiler
arm-none-eabi-gcc "@src/main.args" -MMD -MP -MF"src/main.d" -MT"src/main.o" -o "src/main.o" "../src/main.c"
../src/main.c:14:14: error: conflicting types for 'num'
 unsigned int num,num0,num1 = 0;
              ^~~
../src/main.c:11:5: note: previous declaration of 'num' was here
 int num;
     ^~~
make: *** [src/subdir.mk:20: src/main.o] Error 1
17:44:00 **** Incremental Build of configuration Debug_FLASH for project s32k144_KNU_Driving_ABS_Simulator ****
make -j16 all 
Building file: ../src/main.c
Invoking: Standard S32DS C Compiler
arm-none-eabi-gcc "@src/main.args" -MMD -MP -MF"src/main.d" -MT"src/main.o" -o "src/main.o" "../src/main.c"
../src/main.c:14:14: error: conflicting types for 'num'
 unsigned int num,num0,num1 = 0;
              ^~~
../src/main.c:11:5: note: previous declaration of 'num' was here
 int num;
     ^~~
make: *** [src/subdir.mk:20: src/main.o] Error 1
17:44:21 **** Incremental Build of configuration Debug_FLASH for project s32k144_KNU_Driving_ABS_Simulator ****
make -j16 all 
Building file: ../src/main.c
Invoking: Standard S32DS C Compiler
arm-none-eabi-gcc "@src/main.args" -MMD -MP -MF"src/main.d" -MT"src/main.o" -o "src/main.o" "../src/main.c"
Finished building: ../src/main.c
 
Building target: s32k144_KNU_Driving_ABS_Simulator.elf
Invoking: Standard S32DS C Linker
arm-none-eabi-gcc -o "s32k144_KNU_Driving_ABS_Simulator.elf" "@s32k144_KNU_Driving_ABS_Simulator.args"   
Finished building target: s32k144_KNU_Driving_ABS_Simulator.elf
 
Invoking: Standard S32DS Print Size
arm-none-eabi-size --format=berkeley s32k144_KNU_Driving_ABS_Simulator.elf
   text	   data	    bss	    dec	    hex	filename
   4028	   1136	   3128	   8292	   2064	s32k144_KNU_Driving_ABS_Simulator.elf
Finished building: s32k144_KNU_Driving_ABS_Simulator.siz
 
18:22:49 **** Incremental Build of configuration Debug_FLASH for project s32k144_KNU_Driving_ABS_Simulator ****
make -j16 all 
Invoking: Standard S32DS Print Size
arm-none-eabi-size --format=berkeley s32k144_KNU_Driving_ABS_Simulator.elf
   text	   data	    bss	    dec	    hex	filename
   4028	   1136	   3128	   8292	   2064	s32k144_KNU_Driving_ABS_Simulator.elf
Finished building: s32k144_KNU_Driving_ABS_Simulator.siz
 
21:09:03 **** Incremental Build of configuration Debug_FLASH for project s32k144_KNU_Driving_ABS_Simulator ****
make -j16 all 
Invoking: Standard S32DS Print Size
arm-none-eabi-size --format=berkeley s32k144_KNU_Driving_ABS_Simulator.elf
   text	   data	    bss	    dec	    hex	filename
   4028	   1136	   3128	   8292	   2064	s32k144_KNU_Driving_ABS_Simulator.elf
Finished building: s32k144_KNU_Driving_ABS_Simulator.siz
 
21:39:41 **** Incremental Build of configuration Debug_FLASH for project s32k144_KNU_Driving_ABS_Simulator ****
make -j16 all 
Building file: ../src/main.c
Invoking: Standard S32DS C Compiler
arm-none-eabi-gcc "@src/main.args" -MMD -MP -MF"src/main.d" -MT"src/main.o" -o "src/main.o" "../src/main.c"
Finished building: ../src/main.c
 
Building target: s32k144_KNU_Driving_ABS_Simulator.elf
Invoking: Standard S32DS C Linker
arm-none-eabi-gcc -o "s32k144_KNU_Driving_ABS_Simulator.elf" "@s32k144_KNU_Driving_ABS_Simulator.args"   
Finished building target: s32k144_KNU_Driving_ABS_Simulator.elf
 
Invoking: Standard S32DS Print Size
arm-none-eabi-size --format=berkeley s32k144_KNU_Driving_ABS_Simulator.elf
   text	   data	    bss	    dec	    hex	filename
   4028	   1136	   3128	   8292	   2064	s32k144_KNU_Driving_ABS_Simulator.elf
Finished building: s32k144_KNU_Driving_ABS_Simulator.siz
 
21:39:43 **** Incremental Build of configuration Debug_FLASH for project s32k144_KNU_Driving_ABS_Simulator ****
make -j16 all 
Invoking: Standard S32DS Print Size
arm-none-eabi-size --format=berkeley s32k144_KNU_Driving_ABS_Simulator.elf
   text	   data	    bss	    dec	    hex	filename
   4028	   1136	   3128	   8292	   2064	s32k144_KNU_Driving_ABS_Simulator.elf
Finished building: s32k144_KNU_Driving_ABS_Simulator.siz
 
21:40:54 **** Incremental Build of configuration Debug_FLASH for project s32k144_KNU_Driving_ABS_Simulator ****
make -j16 all 
Building file: ../src/main.c
Invoking: Standard S32DS C Compiler
arm-none-eabi-gcc "@src/main.args" -MMD -MP -MF"src/main.d" -MT"src/main.o" -o "src/main.o" "../src/main.c"
Finished building: ../src/main.c
 
Building target: s32k144_KNU_Driving_ABS_Simulator.elf
Invoking: Standard S32DS C Linker
arm-none-eabi-gcc -o "s32k144_KNU_Driving_ABS_Simulator.elf" "@s32k144_KNU_Driving_ABS_Simulator.args"   
Finished building target: s32k144_KNU_Driving_ABS_Simulator.elf
 
Invoking: Standard S32DS Print Size
arm-none-eabi-size --format=berkeley s32k144_KNU_Driving_ABS_Simulator.elf
   text	   data	    bss	    dec	    hex	filename
   4176	   1136	   3128	   8440	   20f8	s32k144_KNU_Driving_ABS_Simulator.elf
Finished building: s32k144_KNU_Driving_ABS_Simulator.siz
 
21:40:56 **** Incremental Build of configuration Debug_FLASH for project s32k144_KNU_Driving_ABS_Simulator ****
make -j16 all 
Invoking: Standard S32DS Print Size
arm-none-eabi-size --format=berkeley s32k144_KNU_Driving_ABS_Simulator.elf
   text	   data	    bss	    dec	    hex	filename
   4176	   1136	   3128	   8440	   20f8	s32k144_KNU_Driving_ABS_Simulator.elf
Finished building: s32k144_KNU_Driving_ABS_Simulator.siz
 
21:41:11 **** Incremental Build of configuration Debug_FLASH for project s32k144_KNU_Driving_ABS_Simulator ****
make -j16 all 
Invoking: Standard S32DS Print Size
arm-none-eabi-size --format=berkeley s32k144_KNU_Driving_ABS_Simulator.elf
   text	   data	    bss	    dec	    hex	filename
   4176	   1136	   3128	   8440	   20f8	s32k144_KNU_Driving_ABS_Simulator.elf
Finished building: s32k144_KNU_Driving_ABS_Simulator.siz
 
21:42:06 **** Incremental Build of configuration Debug_FLASH for project s32k144_KNU_Driving_ABS_Simulator ****
make -j16 all 
Invoking: Standard S32DS Print Size
arm-none-eabi-size --format=berkeley s32k144_KNU_Driving_ABS_Simulator.elf
   text	   data	    bss	    dec	    hex	filename
   4176	   1136	   3128	   8440	   20f8	s32k144_KNU_Driving_ABS_Simulator.elf
Finished building: s32k144_KNU_Driving_ABS_Simulator.siz
 
21:54:20 **** Incremental Build of configuration Debug_FLASH for project s32k144_KNU_Driving_ABS_Simulator ****
make -j16 all 
Invoking: Standard S32DS Print Size
arm-none-eabi-size --format=berkeley s32k144_KNU_Driving_ABS_Simulator.elf
   text	   data	    bss	    dec	    hex	filename
   4176	   1136	   3128	   8440	   20f8	s32k144_KNU_Driving_ABS_Simulator.elf
Finished building: s32k144_KNU_Driving_ABS_Simulator.siz
 
21:54:35 **** Incremental Build of configuration Debug_FLASH for project s32k144_KNU_Driving_ABS_Simulator ****
make -j16 all 
Invoking: Standard S32DS Print Size
arm-none-eabi-size --format=berkeley s32k144_KNU_Driving_ABS_Simulator.elf
   text	   data	    bss	    dec	    hex	filename
   4176	   1136	   3128	   8440	   20f8	s32k144_KNU_Driving_ABS_Simulator.elf
Finished building: s32k144_KNU_Driving_ABS_Simulator.siz
 
21:56:28 **** Incremental Build of configuration Debug_FLASH for project s32k144_KNU_Driving_ABS_Simulator ****
make -j16 all 
Invoking: Standard S32DS Print Size
arm-none-eabi-size --format=berkeley s32k144_KNU_Driving_ABS_Simulator.elf
   text	   data	    bss	    dec	    hex	filename
   4176	   1136	   3128	   8440	   20f8	s32k144_KNU_Driving_ABS_Simulator.elf
Finished building: s32k144_KNU_Driving_ABS_Simulator.siz
 
22:06:11 **** Incremental Build of configuration Debug_FLASH for project s32k144_KNU_Driving_ABS_Simulator ****
make -j16 all 
Invoking: Standard S32DS Print Size
arm-none-eabi-size --format=berkeley s32k144_KNU_Driving_ABS_Simulator.elf
   text	   data	    bss	    dec	    hex	filename
   4176	   1136	   3128	   8440	   20f8	s32k144_KNU_Driving_ABS_Simulator.elf
Finished building: s32k144_KNU_Driving_ABS_Simulator.siz
 
22:06:43 **** Incremental Build of configuration Debug_FLASH for project s32k144_KNU_Driving_ABS_Simulator ****
make -j16 all 
Building file: ../src/main.c
Invoking: Standard S32DS C Compiler
arm-none-eabi-gcc "@src/main.args" -MMD -MP -MF"src/main.d" -MT"src/main.o" -o "src/main.o" "../src/main.c"
Finished building: ../src/main.c
 
Building target: s32k144_KNU_Driving_ABS_Simulator.elf
Invoking: Standard S32DS C Linker
arm-none-eabi-gcc -o "s32k144_KNU_Driving_ABS_Simulator.elf" "@s32k144_KNU_Driving_ABS_Simulator.args"   
Finished building target: s32k144_KNU_Driving_ABS_Simulator.elf
 
Invoking: Standard S32DS Print Size
arm-none-eabi-size --format=berkeley s32k144_KNU_Driving_ABS_Simulator.elf
   text	   data	    bss	    dec	    hex	filename
   4120	   1136	   3128	   8384	   20c0	s32k144_KNU_Driving_ABS_Simulator.elf
Finished building: s32k144_KNU_Driving_ABS_Simulator.siz
 
22:07:40 **** Incremental Build of configuration Debug_FLASH for project s32k144_KNU_Driving_ABS_Simulator ****
make -j16 all 
Invoking: Standard S32DS Print Size
arm-none-eabi-size --format=berkeley s32k144_KNU_Driving_ABS_Simulator.elf
   text	   data	    bss	    dec	    hex	filename
   4120	   1136	   3128	   8384	   20c0	s32k144_KNU_Driving_ABS_Simulator.elf
Finished building: s32k144_KNU_Driving_ABS_Simulator.siz
 
22:29:03 **** Build of configuration Debug_FLASH for project s32k144_KNU_Driving_ABS_Simulator ****
make -j16 all 
Invoking: Standard S32DS Print Size
arm-none-eabi-size --format=berkeley s32k144_KNU_Driving_ABS_Simulator.elf
   text	   data	    bss	    dec	    hex	filename
   4120	   1136	   3128	   8384	   20c0	s32k144_KNU_Driving_ABS_Simulator.elf
Finished building: s32k144_KNU_Driving_ABS_Simulator.siz
 
22:35:56 **** Incremental Build of configuration Debug_FLASH for project s32k144_KNU_Driving_ABS_Simulator ****
make -j16 all 
Building target: s32k144_KNU_Driving_ABS_Simulator.srec
Invoking: Standard S32DS C Linker
arm-none-eabi-gcc -o "s32k144_KNU_Driving_ABS_Simulator.srec" "@s32k144_KNU_Driving_ABS_Simulator.args"   
Finished building target: s32k144_KNU_Driving_ABS_Simulator.srec
 
Invoking: Standard S32DS Print Size
arm-none-eabi-size --format=berkeley s32k144_KNU_Driving_ABS_Simulator.srec
   text	   data	    bss	    dec	    hex	filename
   4120	   1136	   3128	   8384	   20c0	s32k144_KNU_Driving_ABS_Simulator.srec
Finished building: s32k144_KNU_Driving_ABS_Simulator.siz
 
00:30:46 **** Incremental Build of configuration Debug_FLASH for project s32k144_KNU_Driving_ABS_Simulator ****
make -j16 all 
Invoking: Standard S32DS Print Size
arm-none-eabi-size --format=berkeley s32k144_KNU_Driving_ABS_Simulator.srec
   text	   data	    bss	    dec	    hex	filename
   4120	   1136	   3128	   8384	   20c0	s32k144_KNU_Driving_ABS_Simulator.srec
Finished building: s32k144_KNU_Driving_ABS_Simulator.siz
 
09:05:04 **** Build of configuration Debug_FLASH for project s32k144_KNU_Driving_ABS_Simulator ****
make -j16 all 
Invoking: Standard S32DS Print Size
arm-none-eabi-size --format=berkeley s32k144_KNU_Driving_ABS_Simulator.srec
   text	   data	    bss	    dec	    hex	filename
   4120	   1136	   3128	   8384	   20c0	s32k144_KNU_Driving_ABS_Simulator.srec
Finished building: s32k144_KNU_Driving_ABS_Simulator.siz
 
09:06:32 **** Incremental Build of configuration Debug_FLASH for project s32k144_KNU_Driving_ABS_Simulator ****
make -j16 all 
Invoking: Standard S32DS Print Size
arm-none-eabi-size --format=berkeley s32k144_KNU_Driving_ABS_Simulator.srec
   text	   data	    bss	    dec	    hex	filename
   4120	   1136	   3128	   8384	   20c0	s32k144_KNU_Driving_ABS_Simulator.srec
Finished building: s32k144_KNU_Driving_ABS_Simulator.siz
 
09:07:35 **** Incremental Build of configuration Debug_FLASH for project s32k144_KNU_Driving_ABS_Simulator ****
make -j16 all 
Invoking: Standard S32DS Print Size
arm-none-eabi-size --format=berkeley s32k144_KNU_Driving_ABS_Simulator.srec
   text	   data	    bss	    dec	    hex	filename
   4120	   1136	   3128	   8384	   20c0	s32k144_KNU_Driving_ABS_Simulator.srec
Finished building: s32k144_KNU_Driving_ABS_Simulator.siz
 
09:08:23 **** Incremental Build of configuration Debug_FLASH for project s32k144_KNU_Driving_ABS_Simulator ****
make -j16 all 
Invoking: Standard S32DS Print Size
arm-none-eabi-size --format=berkeley s32k144_KNU_Driving_ABS_Simulator.srec
   text	   data	    bss	    dec	    hex	filename
   4120	   1136	   3128	   8384	   20c0	s32k144_KNU_Driving_ABS_Simulator.srec
Finished building: s32k144_KNU_Driving_ABS_Simulator.siz
 
09:09:11 **** Incremental Build of configuration Debug_FLASH for project s32k144_KNU_Driving_ABS_Simulator ****
make -j16 all 
Invoking: Standard S32DS Print Size
arm-none-eabi-size --format=berkeley s32k144_KNU_Driving_ABS_Simulator.srec
   text	   data	    bss	    dec	    hex	filename
   4120	   1136	   3128	   8384	   20c0	s32k144_KNU_Driving_ABS_Simulator.srec
Finished building: s32k144_KNU_Driving_ABS_Simulator.siz
 
09:17:33 **** Incremental Build of configuration Debug_FLASH for project s32k144_KNU_Driving_ABS_Simulator ****
make -j16 all 
Invoking: Standard S32DS Print Size
arm-none-eabi-size --format=berkeley s32k144_KNU_Driving_ABS_Simulator.srec
   text	   data	    bss	    dec	    hex	filename
   4120	   1136	   3128	   8384	   20c0	s32k144_KNU_Driving_ABS_Simulator.srec
Finished building: s32k144_KNU_Driving_ABS_Simulator.siz
 
09:19:37 **** Incremental Build of configuration Debug_FLASH for project s32k144_KNU_Driving_ABS_Simulator ****
make -j16 all 
Invoking: Standard S32DS Print Size
arm-none-eabi-size --format=berkeley s32k144_KNU_Driving_ABS_Simulator.srec
   text	   data	    bss	    dec	    hex	filename
   4120	   1136	   3128	   8384	   20c0	s32k144_KNU_Driving_ABS_Simulator.srec
Finished building: s32k144_KNU_Driving_ABS_Simulator.siz
 
09:22:59 **** Incremental Build of configuration Debug_FLASH for project s32k144_KNU_Driving_ABS_Simulator ****
make -j16 all 
Building target: s32k144_KNU_Driving_ABS_Simulator.elf
Invoking: Standard S32DS C Linker
arm-none-eabi-gcc -o "s32k144_KNU_Driving_ABS_Simulator.elf" "@s32k144_KNU_Driving_ABS_Simulator.args"   
Finished building target: s32k144_KNU_Driving_ABS_Simulator.elf
 
Invoking: Standard S32DS Print Size
arm-none-eabi-size --format=berkeley s32k144_KNU_Driving_ABS_Simulator.elf
   text	   data	    bss	    dec	    hex	filename
   4120	   1136	   3128	   8384	   20c0	s32k144_KNU_Driving_ABS_Simulator.elf
Finished building: s32k144_KNU_Driving_ABS_Simulator.siz
 
09:23:01 **** Incremental Build of configuration Debug_FLASH for project s32k144_KNU_Driving_ABS_Simulator ****
make -j16 all 
Invoking: Standard S32DS Print Size
arm-none-eabi-size --format=berkeley s32k144_KNU_Driving_ABS_Simulator.elf
   text	   data	    bss	    dec	    hex	filename
   4120	   1136	   3128	   8384	   20c0	s32k144_KNU_Driving_ABS_Simulator.elf
Finished building: s32k144_KNU_Driving_ABS_Simulator.siz
 
09:24:32 **** Incremental Build of configuration Debug_FLASH for project s32k144_KNU_Driving_ABS_Simulator ****
make -j16 all 
Invoking: Standard S32DS Print Size
arm-none-eabi-size --format=berkeley s32k144_KNU_Driving_ABS_Simulator.elf
   text	   data	    bss	    dec	    hex	filename
   4120	   1136	   3128	   8384	   20c0	s32k144_KNU_Driving_ABS_Simulator.elf
Finished building: s32k144_KNU_Driving_ABS_Simulator.siz
 
09:28:40 **** Incremental Build of configuration Debug_FLASH for project s32k144_KNU_Driving_ABS_Simulator ****
make -j16 all 
Invoking: Standard S32DS Print Size
arm-none-eabi-size --format=berkeley s32k144_KNU_Driving_ABS_Simulator.elf
   text	   data	    bss	    dec	    hex	filename
   4120	   1136	   3128	   8384	   20c0	s32k144_KNU_Driving_ABS_Simulator.elf
Finished building: s32k144_KNU_Driving_ABS_Simulator.siz
 
09:33:27 **** Incremental Build of configuration Debug_FLASH for project s32k144_KNU_Driving_ABS_Simulator ****
make -j16 all 
Building file: ../src/main.c
Invoking: Standard S32DS C Compiler
arm-none-eabi-gcc "@src/main.args" -MMD -MP -MF"src/main.d" -MT"src/main.o" -o "src/main.o" "../src/main.c"
Finished building: ../src/main.c
 
Building target: s32k144_KNU_Driving_ABS_Simulator.elf
Invoking: Standard S32DS C Linker
arm-none-eabi-gcc -o "s32k144_KNU_Driving_ABS_Simulator.elf" "@s32k144_KNU_Driving_ABS_Simulator.args"   
Finished building target: s32k144_KNU_Driving_ABS_Simulator.elf
 
Invoking: Standard S32DS Print Size
arm-none-eabi-size --format=berkeley s32k144_KNU_Driving_ABS_Simulator.elf
   text	   data	    bss	    dec	    hex	filename
   4120	   1136	   3128	   8384	   20c0	s32k144_KNU_Driving_ABS_Simulator.elf
Finished building: s32k144_KNU_Driving_ABS_Simulator.siz
 
10:01:19 **** Incremental Build of configuration Debug_FLASH for project s32k144_KNU_Driving_ABS_Simulator ****
make -j16 all 
Building file: ../src/main.c
Building file: ../include/lcd1602A.c
Invoking: Standard S32DS C Compiler
arm-none-eabi-gcc "@src/main.args" -MMD -MP -MF"src/main.d" -MT"src/main.o" -o "src/main.o" "../src/main.c"
Invoking: Standard S32DS C Compiler
arm-none-eabi-gcc "@include/clocks_and_modes.args" -MMD -MP -MF"include/lcd1602A.d" -MT"include/lcd1602A.o" -o "include/lcd1602A.o" "../include/lcd1602A.c"
../src/main.c: In function 'main':
../src/main.c:283:22: error: 'i' undeclared (first use in this function)
     while(msg_array1[i] != '\0'){
                      ^
../src/main.c:283:22: note: each undeclared identifier is reported only once for each function it appears in
../src/main.c:280:10: warning: variable 'msg_array1' set but not used [-Wunused-but-set-variable]
     char msg_array1[15]={0x48, 0x45, 0x4C, 0x4C, 0x4F, 0x5F, 0x57,0x4F,0x52, 0x4C, 0x44, 0x5F};// 1 row text-char
          ^~~~~~~~~~
make: *** [src/subdir.mk:20: src/main.o] Error 1
make: *** Waiting for unfinished jobs....
Finished building: ../include/lcd1602A.c
 
10:14:36 **** Incremental Build of configuration Debug_FLASH for project s32k144_KNU_Driving_ABS_Simulator ****
make -j16 all 
Building file: ../src/main.c
Building file: ../include/lcd1602A.c
Invoking: Standard S32DS C Compiler
arm-none-eabi-gcc "@src/main.args" -MMD -MP -MF"src/main.d" -MT"src/main.o" -o "src/main.o" "../src/main.c"
Invoking: Standard S32DS C Compiler
arm-none-eabi-gcc "@include/clocks_and_modes.args" -MMD -MP -MF"include/lcd1602A.d" -MT"include/lcd1602A.o" -o "include/lcd1602A.o" "../include/lcd1602A.c"
../include/lcd1602A.c: In function 'lcdinput':
../include/lcd1602A.c:88:40: warning: left shift count is negative [-Wshift-count-negative]
  uint16_t data1 = ((uint16_t)data&0xF0)<<(BASE-4); //D7 ~ 4
                                        ^~
../include/lcd1602A.c: In function 'lcdcharinput':
../include/lcd1602A.c:122:40: warning: left shift count is negative [-Wshift-count-negative]
  uint16_t data1 = ((uint16_t)data&0xF0)<<(BASE-4); //D7 ~ 4
                                        ^~
Finished building: ../include/lcd1602A.c
Finished building: ../src/main.c
 
 
Building target: s32k144_KNU_Driving_ABS_Simulator.elf
Invoking: Standard S32DS C Linker
arm-none-eabi-gcc -o "s32k144_KNU_Driving_ABS_Simulator.elf" "@s32k144_KNU_Driving_ABS_Simulator.args"   
Finished building target: s32k144_KNU_Driving_ABS_Simulator.elf
 
Invoking: Standard S32DS Print Size
arm-none-eabi-size --format=berkeley s32k144_KNU_Driving_ABS_Simulator.elf
   text	   data	    bss	    dec	    hex	filename
   5084	   1136	   3136	   9356	   248c	s32k144_KNU_Driving_ABS_Simulator.elf
Finished building: s32k144_KNU_Driving_ABS_Simulator.siz
 
10:22:07 **** Incremental Build of configuration Debug_FLASH for project s32k144_KNU_Driving_ABS_Simulator ****
make -j16 all 
Building file: ../include/lcd1602A.c
Invoking: Standard S32DS C Compiler
arm-none-eabi-gcc "@include/clocks_and_modes.args" -MMD -MP -MF"include/lcd1602A.d" -MT"include/lcd1602A.o" -o "include/lcd1602A.o" "../include/lcd1602A.c"
../include/lcd1602A.c: In function 'lcdinput':
../include/lcd1602A.c:85:40: warning: left shift count is negative [-Wshift-count-negative]
  uint16_t data1 = ((uint16_t)data&0xF0)<<(BASE-4); //D7 ~ 4
                                        ^~
../include/lcd1602A.c: In function 'lcdcharinput':
../include/lcd1602A.c:118:40: warning: left shift count is negative [-Wshift-count-negative]
  uint16_t data1 = ((uint16_t)data&0xF0)<<(BASE-4); //D7 ~ 4
                                        ^~
Finished building: ../include/lcd1602A.c
 
Building target: s32k144_KNU_Driving_ABS_Simulator.elf
Invoking: Standard S32DS C Linker
arm-none-eabi-gcc -o "s32k144_KNU_Driving_ABS_Simulator.elf" "@s32k144_KNU_Driving_ABS_Simulator.args"   
Finished building target: s32k144_KNU_Driving_ABS_Simulator.elf
 
Invoking: Standard S32DS Print Size
arm-none-eabi-size --format=berkeley s32k144_KNU_Driving_ABS_Simulator.elf
   text	   data	    bss	    dec	    hex	filename
   5084	   1136	   3136	   9356	   248c	s32k144_KNU_Driving_ABS_Simulator.elf
Finished building: s32k144_KNU_Driving_ABS_Simulator.siz
 
10:22:41 **** Incremental Build of configuration Debug_FLASH for project s32k144_KNU_Driving_ABS_Simulator ****
make -j16 all 
Invoking: Standard S32DS Print Size
arm-none-eabi-size --format=berkeley s32k144_KNU_Driving_ABS_Simulator.elf
   text	   data	    bss	    dec	    hex	filename
   5084	   1136	   3136	   9356	   248c	s32k144_KNU_Driving_ABS_Simulator.elf
Finished building: s32k144_KNU_Driving_ABS_Simulator.siz
 
10:25:02 **** Incremental Build of configuration Debug_FLASH for project s32k144_KNU_Driving_ABS_Simulator ****
make -j16 all 
Invoking: Standard S32DS Print Size
arm-none-eabi-size --format=berkeley s32k144_KNU_Driving_ABS_Simulator.elf
   text	   data	    bss	    dec	    hex	filename
   5084	   1136	   3136	   9356	   248c	s32k144_KNU_Driving_ABS_Simulator.elf
Finished building: s32k144_KNU_Driving_ABS_Simulator.siz
 
10:25:27 **** Incremental Build of configuration Debug_FLASH for project s32k144_KNU_Driving_ABS_Simulator ****
make -j16 all 
Invoking: Standard S32DS Print Size
arm-none-eabi-size --format=berkeley s32k144_KNU_Driving_ABS_Simulator.elf
   text	   data	    bss	    dec	    hex	filename
   5084	   1136	   3136	   9356	   248c	s32k144_KNU_Driving_ABS_Simulator.elf
Finished building: s32k144_KNU_Driving_ABS_Simulator.siz
 
10:48:12 **** Incremental Build of configuration Debug_FLASH for project s32k144_KNU_Driving_ABS_Simulator ****
make -j16 all 
Building file: ../include/lcd1602A.c
Invoking: Standard S32DS C Compiler
arm-none-eabi-gcc "@include/clocks_and_modes.args" -MMD -MP -MF"include/lcd1602A.d" -MT"include/lcd1602A.o" -o "include/lcd1602A.o" "../include/lcd1602A.c"
../include/lcd1602A.c: In function 'lcdinput':
../include/lcd1602A.c:83:40: warning: left shift count is negative [-Wshift-count-negative]
  uint16_t data1 = ((uint16_t)data&0xF0)<<(BASE-4); //D7 ~ 4
                                        ^~
../include/lcd1602A.c: In function 'lcdcharinput':
../include/lcd1602A.c:116:40: warning: left shift count is negative [-Wshift-count-negative]
  uint16_t data1 = ((uint16_t)data&0xF0)<<(BASE-4); //D7 ~ 4
                                        ^~
Finished building: ../include/lcd1602A.c
 
Building target: s32k144_KNU_Driving_ABS_Simulator.elf
Invoking: Standard S32DS C Linker
arm-none-eabi-gcc -o "s32k144_KNU_Driving_ABS_Simulator.elf" "@s32k144_KNU_Driving_ABS_Simulator.args"   
Finished building target: s32k144_KNU_Driving_ABS_Simulator.elf
 
Invoking: Standard S32DS Print Size
arm-none-eabi-size --format=berkeley s32k144_KNU_Driving_ABS_Simulator.elf
   text	   data	    bss	    dec	    hex	filename
   5084	   1136	   3136	   9356	   248c	s32k144_KNU_Driving_ABS_Simulator.elf
Finished building: s32k144_KNU_Driving_ABS_Simulator.siz
 
10:53:43 **** Incremental Build of configuration Debug_FLASH for project s32k144_KNU_Driving_ABS_Simulator ****
make -j16 all 
Building file: ../include/lcd1602A.c
Invoking: Standard S32DS C Compiler
arm-none-eabi-gcc "@include/clocks_and_modes.args" -MMD -MP -MF"include/lcd1602A.d" -MT"include/lcd1602A.o" -o "include/lcd1602A.o" "../include/lcd1602A.c"
Finished building: ../include/lcd1602A.c
 
Building target: s32k144_KNU_Driving_ABS_Simulator.elf
Invoking: Standard S32DS C Linker
arm-none-eabi-gcc -o "s32k144_KNU_Driving_ABS_Simulator.elf" "@s32k144_KNU_Driving_ABS_Simulator.args"   
Finished building target: s32k144_KNU_Driving_ABS_Simulator.elf
 
Invoking: Standard S32DS Print Size
arm-none-eabi-size --format=berkeley s32k144_KNU_Driving_ABS_Simulator.elf
   text	   data	    bss	    dec	    hex	filename
   5072	   1136	   3136	   9344	   2480	s32k144_KNU_Driving_ABS_Simulator.elf
Finished building: s32k144_KNU_Driving_ABS_Simulator.siz
 
10:53:55 **** Incremental Build of configuration Debug_FLASH for project s32k144_KNU_Driving_ABS_Simulator ****
make -j16 all 
Invoking: Standard S32DS Print Size
arm-none-eabi-size --format=berkeley s32k144_KNU_Driving_ABS_Simulator.elf
   text	   data	    bss	    dec	    hex	filename
   5072	   1136	   3136	   9344	   2480	s32k144_KNU_Driving_ABS_Simulator.elf
Finished building: s32k144_KNU_Driving_ABS_Simulator.siz
 
10:54:19 **** Incremental Build of configuration Debug_FLASH for project s32k144_KNU_Driving_ABS_Simulator ****
make -j16 all 
Invoking: Standard S32DS Print Size
arm-none-eabi-size --format=berkeley s32k144_KNU_Driving_ABS_Simulator.elf
   text	   data	    bss	    dec	    hex	filename
   5072	   1136	   3136	   9344	   2480	s32k144_KNU_Driving_ABS_Simulator.elf
Finished building: s32k144_KNU_Driving_ABS_Simulator.siz
 
10:56:50 **** Incremental Build of configuration Debug_FLASH for project s32k144_KNU_Driving_ABS_Simulator ****
make -j16 all 
Building file: ../include/lcd1602A.c
Invoking: Standard S32DS C Compiler
arm-none-eabi-gcc "@include/clocks_and_modes.args" -MMD -MP -MF"include/lcd1602A.d" -MT"include/lcd1602A.o" -o "include/lcd1602A.o" "../include/lcd1602A.c"
Finished building: ../include/lcd1602A.c
 
Building target: s32k144_KNU_Driving_ABS_Simulator.elf
Invoking: Standard S32DS C Linker
arm-none-eabi-gcc -o "s32k144_KNU_Driving_ABS_Simulator.elf" "@s32k144_KNU_Driving_ABS_Simulator.args"   
Finished building target: s32k144_KNU_Driving_ABS_Simulator.elf
 
Invoking: Standard S32DS Print Size
arm-none-eabi-size --format=berkeley s32k144_KNU_Driving_ABS_Simulator.elf
   text	   data	    bss	    dec	    hex	filename
   5072	   1136	   3136	   9344	   2480	s32k144_KNU_Driving_ABS_Simulator.elf
Finished building: s32k144_KNU_Driving_ABS_Simulator.siz
 
11:01:10 **** Incremental Build of configuration Debug_FLASH for project s32k144_KNU_Driving_ABS_Simulator ****
make -j16 all 
Building file: ../src/main.c
Invoking: Standard S32DS C Compiler
arm-none-eabi-gcc "@src/main.args" -MMD -MP -MF"src/main.d" -MT"src/main.o" -o "src/main.o" "../src/main.c"
Finished building: ../src/main.c
 
Building target: s32k144_KNU_Driving_ABS_Simulator.elf
Invoking: Standard S32DS C Linker
arm-none-eabi-gcc -o "s32k144_KNU_Driving_ABS_Simulator.elf" "@s32k144_KNU_Driving_ABS_Simulator.args"   
Finished building target: s32k144_KNU_Driving_ABS_Simulator.elf
 
Invoking: Standard S32DS Print Size
arm-none-eabi-size --format=berkeley s32k144_KNU_Driving_ABS_Simulator.elf
   text	   data	    bss	    dec	    hex	filename
   4220	   1136	   3128	   8484	   2124	s32k144_KNU_Driving_ABS_Simulator.elf
Finished building: s32k144_KNU_Driving_ABS_Simulator.siz
 
11:02:14 **** Incremental Build of configuration Debug_FLASH for project s32k144_KNU_Driving_ABS_Simulator ****
make -j16 all 
Building file: ../src/main.c
Invoking: Standard S32DS C Compiler
arm-none-eabi-gcc "@src/main.args" -MMD -MP -MF"src/main.d" -MT"src/main.o" -o "src/main.o" "../src/main.c"
Finished building: ../src/main.c
 
Building target: s32k144_KNU_Driving_ABS_Simulator.elf
Invoking: Standard S32DS C Linker
arm-none-eabi-gcc -o "s32k144_KNU_Driving_ABS_Simulator.elf" "@s32k144_KNU_Driving_ABS_Simulator.args"   
Finished building target: s32k144_KNU_Driving_ABS_Simulator.elf
 
Invoking: Standard S32DS Print Size
arm-none-eabi-size --format=berkeley s32k144_KNU_Driving_ABS_Simulator.elf
   text	   data	    bss	    dec	    hex	filename
   4220	   1136	   3128	   8484	   2124	s32k144_KNU_Driving_ABS_Simulator.elf
Finished building: s32k144_KNU_Driving_ABS_Simulator.siz
 
11:03:23 **** Incremental Build of configuration Debug_FLASH for project s32k144_KNU_Driving_ABS_Simulator ****
make -j16 all 
Building file: ../src/main.c
Invoking: Standard S32DS C Compiler
arm-none-eabi-gcc "@src/main.args" -MMD -MP -MF"src/main.d" -MT"src/main.o" -o "src/main.o" "../src/main.c"
Finished building: ../src/main.c
 
Building target: s32k144_KNU_Driving_ABS_Simulator.elf
Invoking: Standard S32DS C Linker
arm-none-eabi-gcc -o "s32k144_KNU_Driving_ABS_Simulator.elf" "@s32k144_KNU_Driving_ABS_Simulator.args"   
Finished building target: s32k144_KNU_Driving_ABS_Simulator.elf
 
Invoking: Standard S32DS Print Size
arm-none-eabi-size --format=berkeley s32k144_KNU_Driving_ABS_Simulator.elf
   text	   data	    bss	    dec	    hex	filename
   4220	   1136	   3128	   8484	   2124	s32k144_KNU_Driving_ABS_Simulator.elf
Finished building: s32k144_KNU_Driving_ABS_Simulator.siz
 
11:42:17 **** Incremental Build of configuration Debug_FLASH for project s32k144_KNU_Driving_ABS_Simulator ****
make -j16 all 
Building file: ../src/main.c
Invoking: Standard S32DS C Compiler
arm-none-eabi-gcc "@src/main.args" -MMD -MP -MF"src/main.d" -MT"src/main.o" -o "src/main.o" "../src/main.c"
Finished building: ../src/main.c
 
Building target: s32k144_KNU_Driving_ABS_Simulator.elf
Invoking: Standard S32DS C Linker
arm-none-eabi-gcc -o "s32k144_KNU_Driving_ABS_Simulator.elf" "@s32k144_KNU_Driving_ABS_Simulator.args"   
Finished building target: s32k144_KNU_Driving_ABS_Simulator.elf
 
Invoking: Standard S32DS Print Size
arm-none-eabi-size --format=berkeley s32k144_KNU_Driving_ABS_Simulator.elf
   text	   data	    bss	    dec	    hex	filename
   5072	   1136	   3136	   9344	   2480	s32k144_KNU_Driving_ABS_Simulator.elf
Finished building: s32k144_KNU_Driving_ABS_Simulator.siz
 
11:42:19 **** Incremental Build of configuration Debug_FLASH for project s32k144_KNU_Driving_ABS_Simulator ****
make -j16 all 
Invoking: Standard S32DS Print Size
arm-none-eabi-size --format=berkeley s32k144_KNU_Driving_ABS_Simulator.elf
   text	   data	    bss	    dec	    hex	filename
   5072	   1136	   3136	   9344	   2480	s32k144_KNU_Driving_ABS_Simulator.elf
Finished building: s32k144_KNU_Driving_ABS_Simulator.siz
 
11:42:59 **** Incremental Build of configuration Debug_FLASH for project s32k144_KNU_Driving_ABS_Simulator ****
make -j16 all 
Invoking: Standard S32DS Print Size
arm-none-eabi-size --format=berkeley s32k144_KNU_Driving_ABS_Simulator.elf
   text	   data	    bss	    dec	    hex	filename
   5072	   1136	   3136	   9344	   2480	s32k144_KNU_Driving_ABS_Simulator.elf
Finished building: s32k144_KNU_Driving_ABS_Simulator.siz
 
11:49:44 **** Incremental Build of configuration Debug_FLASH for project s32k144_KNU_Driving_ABS_Simulator ****
make -j16 all 
Building file: ../src/main.c
Building file: ../include/lcd1602A.c
Invoking: Standard S32DS C Compiler
arm-none-eabi-gcc "@src/main.args" -MMD -MP -MF"src/main.d" -MT"src/main.o" -o "src/main.o" "../src/main.c"
Invoking: Standard S32DS C Compiler
arm-none-eabi-gcc "@include/clocks_and_modes.args" -MMD -MP -MF"include/lcd1602A.d" -MT"include/lcd1602A.o" -o "include/lcd1602A.o" "../include/lcd1602A.c"
../src/main.c: In function 'main':
../src/main.c:276:5: warning: implicit declaration of function 'LCD_PORT_INIT' [-Wimplicit-function-declaration]
     LCD_PORT_INIT();
     ^~~~~~~~~~~~~
Finished building: ../include/lcd1602A.c
 
Finished building: ../src/main.c
 
Building target: s32k144_KNU_Driving_ABS_Simulator.elf
Invoking: Standard S32DS C Linker
arm-none-eabi-gcc -o "s32k144_KNU_Driving_ABS_Simulator.elf" "@s32k144_KNU_Driving_ABS_Simulator.args"   
./src/main.o: In function `main':
C:\Backup\s32k144_KNU_Driving_ABS_Simulator\src\s32k144_KNU_Driving_ABS_Simulator\Debug_FLASH/../src/main.c:276: undefined reference to `LCD_PORT_INIT'
collect2.exe: error: ld returned 1 exit status
make: *** [makefile:37: s32k144_KNU_Driving_ABS_Simulator.elf] Error 1
11:50:21 **** Incremental Build of configuration Debug_FLASH for project s32k144_KNU_Driving_ABS_Simulator ****
make -j16 all 
Building file: ../src/main.c
Invoking: Standard S32DS C Compiler
arm-none-eabi-gcc "@src/main.args" -MMD -MP -MF"src/main.d" -MT"src/main.o" -o "src/main.o" "../src/main.c"
Finished building: ../src/main.c
 
Building target: s32k144_KNU_Driving_ABS_Simulator.elf
Invoking: Standard S32DS C Linker
arm-none-eabi-gcc -o "s32k144_KNU_Driving_ABS_Simulator.elf" "@s32k144_KNU_Driving_ABS_Simulator.args"   
Finished building target: s32k144_KNU_Driving_ABS_Simulator.elf
 
Invoking: Standard S32DS Print Size
arm-none-eabi-size --format=berkeley s32k144_KNU_Driving_ABS_Simulator.elf
   text	   data	    bss	    dec	    hex	filename
   5084	   1136	   3136	   9356	   248c	s32k144_KNU_Driving_ABS_Simulator.elf
Finished building: s32k144_KNU_Driving_ABS_Simulator.siz
 
11:50:24 **** Incremental Build of configuration Debug_FLASH for project s32k144_KNU_Driving_ABS_Simulator ****
make -j16 all 
Invoking: Standard S32DS Print Size
arm-none-eabi-size --format=berkeley s32k144_KNU_Driving_ABS_Simulator.elf
   text	   data	    bss	    dec	    hex	filename
   5084	   1136	   3136	   9356	   248c	s32k144_KNU_Driving_ABS_Simulator.elf
Finished building: s32k144_KNU_Driving_ABS_Simulator.siz
 
11:50:49 **** Incremental Build of configuration Debug_FLASH for project s32k144_KNU_Driving_ABS_Simulator ****
make -j16 all 
Invoking: Standard S32DS Print Size
arm-none-eabi-size --format=berkeley s32k144_KNU_Driving_ABS_Simulator.elf
   text	   data	    bss	    dec	    hex	filename
   5084	   1136	   3136	   9356	   248c	s32k144_KNU_Driving_ABS_Simulator.elf
Finished building: s32k144_KNU_Driving_ABS_Simulator.siz
 
11:51:25 **** Incremental Build of configuration Debug_FLASH for project s32k144_KNU_Driving_ABS_Simulator ****
make -j16 all 
Building file: ../src/main.c
Invoking: Standard S32DS C Compiler
arm-none-eabi-gcc "@src/main.args" -MMD -MP -MF"src/main.d" -MT"src/main.o" -o "src/main.o" "../src/main.c"
Finished building: ../src/main.c
 
Building target: s32k144_KNU_Driving_ABS_Simulator.elf
Invoking: Standard S32DS C Linker
arm-none-eabi-gcc -o "s32k144_KNU_Driving_ABS_Simulator.elf" "@s32k144_KNU_Driving_ABS_Simulator.args"   
Finished building target: s32k144_KNU_Driving_ABS_Simulator.elf
 
Invoking: Standard S32DS Print Size
arm-none-eabi-size --format=berkeley s32k144_KNU_Driving_ABS_Simulator.elf
   text	   data	    bss	    dec	    hex	filename
   5072	   1136	   3136	   9344	   2480	s32k144_KNU_Driving_ABS_Simulator.elf
Finished building: s32k144_KNU_Driving_ABS_Simulator.siz
 
11:52:57 **** Incremental Build of configuration Debug_FLASH for project s32k144_KNU_Driving_ABS_Simulator ****
make -j16 all 
Building file: ../src/main.c
Invoking: Standard S32DS C Compiler
arm-none-eabi-gcc "@src/main.args" -MMD -MP -MF"src/main.d" -MT"src/main.o" -o "src/main.o" "../src/main.c"
Finished building: ../src/main.c
 
Building target: s32k144_KNU_Driving_ABS_Simulator.elf
Invoking: Standard S32DS C Linker
arm-none-eabi-gcc -o "s32k144_KNU_Driving_ABS_Simulator.elf" "@s32k144_KNU_Driving_ABS_Simulator.args"   
Finished building target: s32k144_KNU_Driving_ABS_Simulator.elf
 
Invoking: Standard S32DS Print Size
arm-none-eabi-size --format=berkeley s32k144_KNU_Driving_ABS_Simulator.elf
   text	   data	    bss	    dec	    hex	filename
   5040	   1136	   3136	   9312	   2460	s32k144_KNU_Driving_ABS_Simulator.elf
Finished building: s32k144_KNU_Driving_ABS_Simulator.siz
 
12:03:05 **** Incremental Build of configuration Debug_FLASH for project s32k144_KNU_Driving_ABS_Simulator ****
make -j16 all 
Building file: ../src/main.c
Invoking: Standard S32DS C Compiler
arm-none-eabi-gcc "@src/main.args" -MMD -MP -MF"src/main.d" -MT"src/main.o" -o "src/main.o" "../src/main.c"
Finished building: ../src/main.c
 
Building target: s32k144_KNU_Driving_ABS_Simulator.elf
Invoking: Standard S32DS C Linker
arm-none-eabi-gcc -o "s32k144_KNU_Driving_ABS_Simulator.elf" "@s32k144_KNU_Driving_ABS_Simulator.args"   
Finished building target: s32k144_KNU_Driving_ABS_Simulator.elf
 
Invoking: Standard S32DS Print Size
arm-none-eabi-size --format=berkeley s32k144_KNU_Driving_ABS_Simulator.elf
   text	   data	    bss	    dec	    hex	filename
   5036	   1136	   3136	   9308	   245c	s32k144_KNU_Driving_ABS_Simulator.elf
Finished building: s32k144_KNU_Driving_ABS_Simulator.siz
 
12:03:14 **** Incremental Build of configuration Debug_FLASH for project s32k144_KNU_Driving_ABS_Simulator ****
make -j16 all 
Invoking: Standard S32DS Print Size
arm-none-eabi-size --format=berkeley s32k144_KNU_Driving_ABS_Simulator.elf
   text	   data	    bss	    dec	    hex	filename
   5036	   1136	   3136	   9308	   245c	s32k144_KNU_Driving_ABS_Simulator.elf
Finished building: s32k144_KNU_Driving_ABS_Simulator.siz
 
12:05:51 **** Incremental Build of configuration Debug_FLASH for project s32k144_KNU_Driving_ABS_Simulator ****
make -j16 all 
Building file: ../src/main.c
Invoking: Standard S32DS C Compiler
arm-none-eabi-gcc "@src/main.args" -MMD -MP -MF"src/main.d" -MT"src/main.o" -o "src/main.o" "../src/main.c"
Finished building: ../src/main.c
 
Building target: s32k144_KNU_Driving_ABS_Simulator.elf
Invoking: Standard S32DS C Linker
arm-none-eabi-gcc -o "s32k144_KNU_Driving_ABS_Simulator.elf" "@s32k144_KNU_Driving_ABS_Simulator.args"   
Finished building target: s32k144_KNU_Driving_ABS_Simulator.elf
 
Invoking: Standard S32DS Print Size
arm-none-eabi-size --format=berkeley s32k144_KNU_Driving_ABS_Simulator.elf
   text	   data	    bss	    dec	    hex	filename
   5060	   1136	   3136	   9332	   2474	s32k144_KNU_Driving_ABS_Simulator.elf
Finished building: s32k144_KNU_Driving_ABS_Simulator.siz
 
12:07:00 **** Incremental Build of configuration Debug_FLASH for project s32k144_KNU_Driving_ABS_Simulator ****
make -j16 all 
Building file: ../src/main.c
Invoking: Standard S32DS C Compiler
arm-none-eabi-gcc "@src/main.args" -MMD -MP -MF"src/main.d" -MT"src/main.o" -o "src/main.o" "../src/main.c"
Finished building: ../src/main.c
 
Building target: s32k144_KNU_Driving_ABS_Simulator.elf
Invoking: Standard S32DS C Linker
arm-none-eabi-gcc -o "s32k144_KNU_Driving_ABS_Simulator.elf" "@s32k144_KNU_Driving_ABS_Simulator.args"   
Finished building target: s32k144_KNU_Driving_ABS_Simulator.elf
 
Invoking: Standard S32DS Print Size
arm-none-eabi-size --format=berkeley s32k144_KNU_Driving_ABS_Simulator.elf
   text	   data	    bss	    dec	    hex	filename
   5124	   1136	   3136	   9396	   24b4	s32k144_KNU_Driving_ABS_Simulator.elf
Finished building: s32k144_KNU_Driving_ABS_Simulator.siz
 
12:08:07 **** Incremental Build of configuration Debug_FLASH for project s32k144_KNU_Driving_ABS_Simulator ****
make -j16 all 
Building file: ../src/main.c
Invoking: Standard S32DS C Compiler
arm-none-eabi-gcc "@src/main.args" -MMD -MP -MF"src/main.d" -MT"src/main.o" -o "src/main.o" "../src/main.c"
../src/main.c: In function 'main':
../src/main.c:316:10: error: redefinition of 'msg'
     char msg[15]={0x48, 0x55, 0x4D, 0x49, 0x44, 0x3A, 0x20, 0x33, 0x32, 0x25};// 1 row text-char
          ^~~
../src/main.c:303:10: note: previous definition of 'msg' was here
     char msg[15]={0x48, 0x55, 0x4D, 0x49, 0x44, 0x3A, 0x20, 0x33, 0x32, 0x25};// 1 row text-char
          ^~~
make: *** [src/subdir.mk:20: src/main.o] Error 1
12:08:12 **** Incremental Build of configuration Debug_FLASH for project s32k144_KNU_Driving_ABS_Simulator ****
make -j16 all 
Building file: ../src/main.c
Invoking: Standard S32DS C Compiler
arm-none-eabi-gcc "@src/main.args" -MMD -MP -MF"src/main.d" -MT"src/main.o" -o "src/main.o" "../src/main.c"
../src/main.c: In function 'main':
../src/main.c:316:10: error: redefinition of 'msg'
     char msg[15]={0x48, 0x55, 0x4D, 0x49, 0x44, 0x3A, 0x20, 0x33, 0x32, 0x25};// 1 row text-char
          ^~~
../src/main.c:303:10: note: previous definition of 'msg' was here
     char msg[15]={0x48, 0x55, 0x4D, 0x49, 0x44, 0x3A, 0x20, 0x33, 0x32, 0x25};// 1 row text-char
          ^~~
make: *** [src/subdir.mk:20: src/main.o] Error 1
12:08:32 **** Incremental Build of configuration Debug_FLASH for project s32k144_KNU_Driving_ABS_Simulator ****
make -j16 all 
Building file: ../src/main.c
Invoking: Standard S32DS C Compiler
arm-none-eabi-gcc "@src/main.args" -MMD -MP -MF"src/main.d" -MT"src/main.o" -o "src/main.o" "../src/main.c"
Finished building: ../src/main.c
 
Building target: s32k144_KNU_Driving_ABS_Simulator.elf
Invoking: Standard S32DS C Linker
arm-none-eabi-gcc -o "s32k144_KNU_Driving_ABS_Simulator.elf" "@s32k144_KNU_Driving_ABS_Simulator.args"   
Finished building target: s32k144_KNU_Driving_ABS_Simulator.elf
 
Invoking: Standard S32DS Print Size
arm-none-eabi-size --format=berkeley s32k144_KNU_Driving_ABS_Simulator.elf
   text	   data	    bss	    dec	    hex	filename
   5052	   1136	   3136	   9324	   246c	s32k144_KNU_Driving_ABS_Simulator.elf
Finished building: s32k144_KNU_Driving_ABS_Simulator.siz
 
12:08:57 **** Incremental Build of configuration Debug_FLASH for project s32k144_KNU_Driving_ABS_Simulator ****
make -j16 all 
Building file: ../src/main.c
Invoking: Standard S32DS C Compiler
arm-none-eabi-gcc "@src/main.args" -MMD -MP -MF"src/main.d" -MT"src/main.o" -o "src/main.o" "../src/main.c"
Finished building: ../src/main.c
 
Building target: s32k144_KNU_Driving_ABS_Simulator.elf
Invoking: Standard S32DS C Linker
arm-none-eabi-gcc -o "s32k144_KNU_Driving_ABS_Simulator.elf" "@s32k144_KNU_Driving_ABS_Simulator.args"   
Finished building target: s32k144_KNU_Driving_ABS_Simulator.elf
 
Invoking: Standard S32DS Print Size
arm-none-eabi-size --format=berkeley s32k144_KNU_Driving_ABS_Simulator.elf
   text	   data	    bss	    dec	    hex	filename
   5048	   1136	   3136	   9320	   2468	s32k144_KNU_Driving_ABS_Simulator.elf
Finished building: s32k144_KNU_Driving_ABS_Simulator.siz
 
12:09:34 **** Incremental Build of configuration Debug_FLASH for project s32k144_KNU_Driving_ABS_Simulator ****
make -j16 all 
Building file: ../src/main.c
Invoking: Standard S32DS C Compiler
arm-none-eabi-gcc "@src/main.args" -MMD -MP -MF"src/main.d" -MT"src/main.o" -o "src/main.o" "../src/main.c"
Finished building: ../src/main.c
 
Building target: s32k144_KNU_Driving_ABS_Simulator.elf
Invoking: Standard S32DS C Linker
arm-none-eabi-gcc -o "s32k144_KNU_Driving_ABS_Simulator.elf" "@s32k144_KNU_Driving_ABS_Simulator.args"   
Finished building target: s32k144_KNU_Driving_ABS_Simulator.elf
 
Invoking: Standard S32DS Print Size
arm-none-eabi-size --format=berkeley s32k144_KNU_Driving_ABS_Simulator.elf
   text	   data	    bss	    dec	    hex	filename
   5052	   1136	   3136	   9324	   246c	s32k144_KNU_Driving_ABS_Simulator.elf
Finished building: s32k144_KNU_Driving_ABS_Simulator.siz
 
12:14:08 **** Incremental Build of configuration Debug_FLASH for project s32k144_KNU_Driving_ABS_Simulator ****
make -j16 all 
Building file: ../src/main.c
Invoking: Standard S32DS C Compiler
arm-none-eabi-gcc "@src/main.args" -MMD -MP -MF"src/main.d" -MT"src/main.o" -o "src/main.o" "../src/main.c"
Finished building: ../src/main.c
 
Building target: s32k144_KNU_Driving_ABS_Simulator.elf
Invoking: Standard S32DS C Linker
arm-none-eabi-gcc -o "s32k144_KNU_Driving_ABS_Simulator.elf" "@s32k144_KNU_Driving_ABS_Simulator.args"   
Finished building target: s32k144_KNU_Driving_ABS_Simulator.elf
 
Invoking: Standard S32DS Print Size
arm-none-eabi-size --format=berkeley s32k144_KNU_Driving_ABS_Simulator.elf
   text	   data	    bss	    dec	    hex	filename
   5032	   1136	   3136	   9304	   2458	s32k144_KNU_Driving_ABS_Simulator.elf
Finished building: s32k144_KNU_Driving_ABS_Simulator.siz
 
12:14:36 **** Incremental Build of configuration Debug_FLASH for project s32k144_KNU_Driving_ABS_Simulator ****
make -j16 all 
Building file: ../src/main.c
Invoking: Standard S32DS C Compiler
arm-none-eabi-gcc "@src/main.args" -MMD -MP -MF"src/main.d" -MT"src/main.o" -o "src/main.o" "../src/main.c"
../src/main.c: In function 'main':
../src/main.c:308:10: error: redefinition of 'msg'
     char msg[15]={0x48, 0x55, 0x4D, 0x49,
          ^~~
../src/main.c:303:10: note: previous definition of 'msg' was here
     char msg[15]={0x48, 0x55, 0x4D, 0x49,
          ^~~
[...]
../src/main.c: In function 'main':
../src/main.c:102:11: warning: unused variable 'adcResultInMv' [-Wunused-variable]
  uint32_t adcResultInMv=0; /*< ADC0 Result in miliVolts */
           ^~~~~~~~~~~~~
Finished building: ../src/main.c
 
Building target: s32k144_KNU_Driving_ABS_Simulator.elf
Invoking: Standard S32DS C Linker
arm-none-eabi-gcc -o "s32k144_KNU_Driving_ABS_Simulator.elf" "@s32k144_KNU_Driving_ABS_Simulator.args"   
Finished building target: s32k144_KNU_Driving_ABS_Simulator.elf
 
Invoking: Standard S32DS Print Size
arm-none-eabi-size --format=berkeley s32k144_KNU_Driving_ABS_Simulator.elf
   text	   data	    bss	    dec	    hex	filename
   2812	   1064	   3104	   6980	   1b44	s32k144_KNU_Driving_ABS_Simulator.elf
Finished building: s32k144_KNU_Driving_ABS_Simulator.siz
 
15:52:25 **** Incremental Build of configuration Debug_FLASH for project s32k144_KNU_Driving_ABS_Simulator ****
make -j16 all 
Building file: ../src/main.c
Invoking: Standard S32DS C Compiler
arm-none-eabi-gcc "@src/main.args" -MMD -MP -MF"src/main.d" -MT"src/main.o" -o "src/main.o" "../src/main.c"
../src/main.c: In function 'main':
../src/main.c:102:11: warning: unused variable 'adcResultInMv' [-Wunused-variable]
  uint32_t adcResultInMv=0; /*< ADC0 Result in miliVolts */
           ^~~~~~~~~~~~~
Finished building: ../src/main.c
 
Building target: s32k144_KNU_Driving_ABS_Simulator.elf
Invoking: Standard S32DS C Linker
arm-none-eabi-gcc -o "s32k144_KNU_Driving_ABS_Simulator.elf" "@s32k144_KNU_Driving_ABS_Simulator.args"   
Finished building target: s32k144_KNU_Driving_ABS_Simulator.elf
 
Invoking: Standard S32DS Print Size
arm-none-eabi-size --format=berkeley s32k144_KNU_Driving_ABS_Simulator.elf
   text	   data	    bss	    dec	    hex	filename
   2812	   1064	   3104	   6980	   1b44	s32k144_KNU_Driving_ABS_Simulator.elf
Finished building: s32k144_KNU_Driving_ABS_Simulator.siz
 
15:52:46 **** Incremental Build of configuration Debug_FLASH for project s32k144_KNU_Driving_ABS_Simulator ****
make -j16 all 
Building file: ../src/main.c
Invoking: Standard S32DS C Compiler
arm-none-eabi-gcc "@src/main.args" -MMD -MP -MF"src/main.d" -MT"src/main.o" -o "src/main.o" "../src/main.c"
../src/main.c: In function 'main':
../src/main.c:102:11: warning: unused variable 'adcResultInMv' [-Wunused-variable]
  uint32_t adcResultInMv=0; /*< ADC0 Result in miliVolts */
           ^~~~~~~~~~~~~
Finished building: ../src/main.c
 
Building target: s32k144_KNU_Driving_ABS_Simulator.elf
Invoking: Standard S32DS C Linker
arm-none-eabi-gcc -o "s32k144_KNU_Driving_ABS_Simulator.elf" "@s32k144_KNU_Driving_ABS_Simulator.args"   
Finished building target: s32k144_KNU_Driving_ABS_Simulator.elf
 
Invoking: Standard S32DS Print Size
arm-none-eabi-size --format=berkeley s32k144_KNU_Driving_ABS_Simulator.elf
   text	   data	    bss	    dec	    hex	filename
   2812	   1064	   3104	   6980	   1b44	s32k144_KNU_Driving_ABS_Simulator.elf
Finished building: s32k144_KNU_Driving_ABS_Simulator.siz
 
15:56:36 **** Incremental Build of configuration Debug_FLASH for project s32k144_KNU_Driving_ABS_Simulator ****
make -j16 all 
Building file: ../src/main.c
Invoking: Standard S32DS C Compiler
arm-none-eabi-gcc "@src/main.args" -MMD -MP -MF"src/main.d" -MT"src/main.o" -o "src/main.o" "../src/main.c"
../src/main.c: In function 'main':
../src/main.c:103:6: warning: unused variable 'D' [-Wunused-variable]
  int D=0;
      ^
../src/main.c:102:11: warning: unused variable 'adcResultInMv' [-Wunused-variable]
  uint32_t adcResultInMv=0; /*< ADC0 Result in miliVolts */
           ^~~~~~~~~~~~~
Finished building: ../src/main.c
 
Building target: s32k144_KNU_Driving_ABS_Simulator.elf
Invoking: Standard S32DS C Linker
arm-none-eabi-gcc -o "s32k144_KNU_Driving_ABS_Simulator.elf" "@s32k144_KNU_Driving_ABS_Simulator.args"   
Finished building target: s32k144_KNU_Driving_ABS_Simulator.elf
 
Invoking: Standard S32DS Print Size
arm-none-eabi-size --format=berkeley s32k144_KNU_Driving_ABS_Simulator.elf
   text	   data	    bss	    dec	    hex	filename
   2808	   1064	   3104	   6976	   1b40	s32k144_KNU_Driving_ABS_Simulator.elf
Finished building: s32k144_KNU_Driving_ABS_Simulator.siz
 
15:57:48 **** Incremental Build of configuration Debug_FLASH for project s32k144_KNU_Driving_ABS_Simulator ****
make -j16 all 
Building file: ../src/main.c
Invoking: Standard S32DS C Compiler
arm-none-eabi-gcc "@src/main.args" -MMD -MP -MF"src/main.d" -MT"src/main.o" -o "src/main.o" "../src/main.c"
../src/main.c: In function 'main':
../src/main.c:104:6: warning: unused variable 'D' [-Wunused-variable]
  int D=0;
      ^
../src/main.c:103:11: warning: unused variable 'adcResultInMv' [-Wunused-variable]
  uint32_t adcResultInMv=0; /*< ADC0 Result in miliVolts */
           ^~~~~~~~~~~~~
Finished building: ../src/main.c
 
Building target: s32k144_KNU_Driving_ABS_Simulator.elf
Invoking: Standard S32DS C Linker
arm-none-eabi-gcc -o "s32k144_KNU_Driving_ABS_Simulator.elf" "@s32k144_KNU_Driving_ABS_Simulator.args"   
Finished building target: s32k144_KNU_Driving_ABS_Simulator.elf
 
Invoking: Standard S32DS Print Size
arm-none-eabi-size --format=berkeley s32k144_KNU_Driving_ABS_Simulator.elf
   text	   data	    bss	    dec	    hex	filename
   2808	   1064	   3104	   6976	   1b40	s32k144_KNU_Driving_ABS_Simulator.elf
Finished building: s32k144_KNU_Driving_ABS_Simulator.siz
 
16:00:54 **** Incremental Build of configuration Debug_FLASH for project s32k144_KNU_Driving_ABS_Simulator ****
make -j16 all 
Building file: ../src/main.c
Invoking: Standard S32DS C Compiler
arm-none-eabi-gcc "@src/main.args" -MMD -MP -MF"src/main.d" -MT"src/main.o" -o "src/main.o" "../src/main.c"
../src/main.c: In function 'main':
../src/main.c:104:6: warning: unused variable 'D' [-Wunused-variable]
  int D=0;
      ^
../src/main.c:103:11: warning: unused variable 'adcResultInMv' [-Wunused-variable]
  uint32_t adcResultInMv=0; /*< ADC0 Result in miliVolts */
           ^~~~~~~~~~~~~
Finished building: ../src/main.c
 
Building target: s32k144_KNU_Driving_ABS_Simulator.elf
Invoking: Standard S32DS C Linker
arm-none-eabi-gcc -o "s32k144_KNU_Driving_ABS_Simulator.elf" "@s32k144_KNU_Driving_ABS_Simulator.args"   
Finished building target: s32k144_KNU_Driving_ABS_Simulator.elf
 
Invoking: Standard S32DS Print Size
arm-none-eabi-size --format=berkeley s32k144_KNU_Driving_ABS_Simulator.elf
   text	   data	    bss	    dec	    hex	filename
   2808	   1064	   3104	   6976	   1b40	s32k144_KNU_Driving_ABS_Simulator.elf
Finished building: s32k144_KNU_Driving_ABS_Simulator.siz
 
16:01:35 **** Incremental Build of configuration Debug_FLASH for project s32k144_KNU_Driving_ABS_Simulator ****
make -j16 all 
Building file: ../src/main.c
Invoking: Standard S32DS C Compiler
arm-none-eabi-gcc "@src/main.args" -MMD -MP -MF"src/main.d" -MT"src/main.o" -o "src/main.o" "../src/main.c"
../src/main.c: In function 'PORT_init':
../src/main.c:94:3: error: 'PDDR' undeclared (first use in this function)
   PDDR &= ~(1<<14);
   ^~~~
../src/main.c:94:3: note: each undeclared identifier is reported only once for each function it appears in
../src/main.c: In function 'main':
../src/main.c:105:6: warning: unused variable 'D' [-Wunused-variable]
  int D=0;
      ^
../src/main.c:104:11: warning: unused variable 'adcResultInMv' [-Wunused-variable]
  uint32_t adcResultInMv=0; /*< ADC0 Result in miliVolts */
           ^~~~~~~~~~~~~
make: *** [src/subdir.mk:20: src/main.o] Error 1
16:01:46 **** Incremental Build of configuration Debug_FLASH for project s32k144_KNU_Driving_ABS_Simulator ****
make -j16 all 
Building file: ../src/main.c
Invoking: Standard S32DS C Compiler
arm-none-eabi-gcc "@src/main.args" -MMD -MP -MF"src/main.d" -MT"src/main.o" -o "src/main.o" "../src/main.c"
../src/main.c: In function 'PORT_init':
../src/main.c:94:3: error: 'PDDR' undeclared (first use in this function)
   PDDR &= ~(1<<14);
   ^~~~
../src/main.c:94:3: note: each undeclared identifier is reported only once for each function it appears in
../src/main.c: In function 'main':
../src/main.c:105:6: warning: unused variable 'D' [-Wunused-variable]
  int D=0;
      ^
../src/main.c:104:11: warning: unused variable 'adcResultInMv' [-Wunused-variable]
  uint32_t adcResultInMv=0; /*< ADC0 Result in miliVolts */
           ^~~~~~~~~~~~~
make: *** [src/subdir.mk:20: src/main.o] Error 1
16:02:07 **** Incremental Build of configuration Debug_FLASH for project s32k144_KNU_Driving_ABS_Simulator ****
make -j16 all 
Building file: ../src/main.c
Invoking: Standard S32DS C Compiler
arm-none-eabi-gcc "@src/main.args" -MMD -MP -MF"src/main.d" -MT"src/main.o" -o "src/main.o" "../src/main.c"
../src/main.c: In function 'PORT_init':
../src/main.c:94:8: error: 'PORT_Type {aka struct <anonymous>}' has no member named 'PDDR'; did you mean 'PCR'?
   PORTB->PDDR &= ~(1<<14);
        ^~
../src/main.c: In function 'main':
../src/main.c:105:6: warning: unused variable 'D' [-Wunused-variable]
  int D=0;
      ^
../src/main.c:104:11: warning: unused variable 'adcResultInMv' [-Wunused-variable]
  uint32_t adcResultInMv=0; /*< ADC0 Result in miliVolts */
           ^~~~~~~~~~~~~
make: *** [src/subdir.mk:20: src/main.o] Error 1
16:02:56 **** Incremental Build of configuration Debug_FLASH for project s32k144_KNU_Driving_ABS_Simulator ****
make -j16 all 
Building file: ../src/main.c
Invoking: Standard S32DS C Compiler
arm-none-eabi-gcc "@src/main.args" -MMD -MP -MF"src/main.d" -MT"src/main.o" -o "src/main.o" "../src/main.c"
../src/main.c: In function 'main':
../src/main.c:105:6: warning: unused variable 'D' [-Wunused-variable]
  int D=0;
      ^
../src/main.c:104:11: warning: unused variable 'adcResultInMv' [-Wunused-variable]
  uint32_t adcResultInMv=0; /*< ADC0 Result in miliVolts */
           ^~~~~~~~~~~~~
Finished building: ../src/main.c
 
Building target: s32k144_KNU_Driving_ABS_Simulator.elf
Invoking: Standard S32DS C Linker
arm-none-eabi-gcc -o "s32k144_KNU_Driving_ABS_Simulator.elf" "@s32k144_KNU_Driving_ABS_Simulator.args"   
Finished building target: s32k144_KNU_Driving_ABS_Simulator.elf
 
Invoking: Standard S32DS Print Size
arm-none-eabi-size --format=berkeley s32k144_KNU_Driving_ABS_Simulator.elf
   text	   data	    bss	    dec	    hex	filename
   2824	   1064	   3104	   6992	   1b50	s32k144_KNU_Driving_ABS_Simulator.elf
Finished building: s32k144_KNU_Driving_ABS_Simulator.siz
 
16:02:58 **** Incremental Build of configuration Debug_FLASH for project s32k144_KNU_Driving_ABS_Simulator ****
make -j16 all 
Invoking: Standard S32DS Print Size
arm-none-eabi-size --format=berkeley s32k144_KNU_Driving_ABS_Simulator.elf
   text	   data	    bss	    dec	    hex	filename
   2824	   1064	   3104	   6992	   1b50	s32k144_KNU_Driving_ABS_Simulator.elf
Finished building: s32k144_KNU_Driving_ABS_Simulator.siz
 
16:02:59 **** Incremental Build of configuration Debug_FLASH for project s32k144_KNU_Driving_ABS_Simulator ****
make -j16 all 
Invoking: Standard S32DS Print Size
arm-none-eabi-size --format=berkeley s32k144_KNU_Driving_ABS_Simulator.elf
   text	   data	    bss	    dec	    hex	filename
   2824	   1064	   3104	   6992	   1b50	s32k144_KNU_Driving_ABS_Simulator.elf
Finished building: s32k144_KNU_Driving_ABS_Simulator.siz
 
16:03:54 **** Incremental Build of configuration Debug_FLASH for project s32k144_KNU_Driving_ABS_Simulator ****
make -j16 all 
Invoking: Standard S32DS Print Size
arm-none-eabi-size --format=berkeley s32k144_KNU_Driving_ABS_Simulator.elf
   text	   data	    bss	    dec	    hex	filename
   2824	   1064	   3104	   6992	   1b50	s32k144_KNU_Driving_ABS_Simulator.elf
Finished building: s32k144_KNU_Driving_ABS_Simulator.siz
 
16:04:21 **** Incremental Build of configuration Debug_FLASH for project s32k144_KNU_Driving_ABS_Simulator ****
make -j16 all 
Building file: ../src/main.c
Invoking: Standard S32DS C Compiler
arm-none-eabi-gcc "@src/main.args" -MMD -MP -MF"src/main.d" -MT"src/main.o" -o "src/main.o" "../src/main.c"
../src/main.c: In function 'main':
../src/main.c:106:6: warning: unused variable 'D' [-Wunused-variable]
  int D=0;
      ^
../src/main.c:105:11: warning: unused variable 'adcResultInMv' [-Wunused-variable]
  uint32_t adcResultInMv=0; /*< ADC0 Result in miliVolts */
           ^~~~~~~~~~~~~
Finished building: ../src/main.c
 
Building target: s32k144_KNU_Driving_ABS_Simulator.elf
Invoking: Standard S32DS C Linker
arm-none-eabi-gcc -o "s32k144_KNU_Driving_ABS_Simulator.elf" "@s32k144_KNU_Driving_ABS_Simulator.args"   
Finished building target: s32k144_KNU_Driving_ABS_Simulator.elf
 
Invoking: Standard S32DS Print Size
arm-none-eabi-size --format=berkeley s32k144_KNU_Driving_ABS_Simulator.elf
   text	   data	    bss	    dec	    hex	filename
   2824	   1064	   3104	   6992	   1b50	s32k144_KNU_Driving_ABS_Simulator.elf
Finished building: s32k144_KNU_Driving_ABS_Simulator.siz
 
16:04:55 **** Incremental Build of configuration Debug_FLASH for project s32k144_KNU_Driving_ABS_Simulator ****
make -j16 all 
Building file: ../src/main.c
Invoking: Standard S32DS C Compiler
arm-none-eabi-gcc "@src/main.args" -MMD -MP -MF"src/main.d" -MT"src/main.o" -o "src/main.o" "../src/main.c"
../src/main.c: In function 'main':
../src/main.c:106:6: warning: unused variable 'D' [-Wunused-variable]
  int D=0;
      ^
../src/main.c:105:11: warning: unused variable 'adcResultInMv' [-Wunused-variable]
  uint32_t adcResultInMv=0; /*< ADC0 Result in miliVolts */
           ^~~~~~~~~~~~~
Finished building: ../src/main.c
 
Building target: s32k144_KNU_Driving_ABS_Simulator.elf
Invoking: Standard S32DS C Linker
arm-none-eabi-gcc -o "s32k144_KNU_Driving_ABS_Simulator.elf" "@s32k144_KNU_Driving_ABS_Simulator.args"   
Finished building target: s32k144_KNU_Driving_ABS_Simulator.elf
 
Invoking: Standard S32DS Print Size
arm-none-eabi-size --format=berkeley s32k144_KNU_Driving_ABS_Simulator.elf
   text	   data	    bss	    dec	    hex	filename
   2824	   1064	   3104	   6992	   1b50	s32k144_KNU_Driving_ABS_Simulator.elf
Finished building: s32k144_KNU_Driving_ABS_Simulator.siz
 
16:16:31 **** Incremental Build of configuration Debug_FLASH for project s32k144_KNU_Driving_ABS_Simulator ****
make -j16 all 
Building file: ../src/main.c
Invoking: Standard S32DS C Compiler
arm-none-eabi-gcc "@src/main.args" -MMD -MP -MF"src/main.d" -MT"src/main.o" -o "src/main.o" "../src/main.c"
../src/main.c: In function 'main':
../src/main.c:103:6: warning: unused variable 'D' [-Wunused-variable]
  int D=0;
      ^
../src/main.c:102:11: warning: unused variable 'adcResultInMv' [-Wunused-variable]
  uint32_t adcResultInMv=0; /*< ADC0 Result in miliVolts */
           ^~~~~~~~~~~~~
Finished building: ../src/main.c
 
Building target: s32k144_KNU_Driving_ABS_Simulator.elf
Invoking: Standard S32DS C Linker
arm-none-eabi-gcc -o "s32k144_KNU_Driving_ABS_Simulator.elf" "@s32k144_KNU_Driving_ABS_Simulator.args"   
Finished building target: s32k144_KNU_Driving_ABS_Simulator.elf
 
Invoking: Standard S32DS Print Size
arm-none-eabi-size --format=berkeley s32k144_KNU_Driving_ABS_Simulator.elf
   text	   data	    bss	    dec	    hex	filename
   2808	   1064	   3104	   6976	   1b40	s32k144_KNU_Driving_ABS_Simulator.elf
Finished building: s32k144_KNU_Driving_ABS_Simulator.siz
 
16:17:19 **** Incremental Build of configuration Debug_FLASH for project s32k144_KNU_Driving_ABS_Simulator ****
make -j16 all 
Building file: ../src/main.c
Invoking: Standard S32DS C Compiler
arm-none-eabi-gcc "@src/main.args" -MMD -MP -MF"src/main.d" -MT"src/main.o" -o "src/main.o" "../src/main.c"
../src/main.c: In function 'main':
../src/main.c:103:6: warning: unused variable 'D' [-Wunused-variable]
  int D=0;
      ^
../src/main.c:102:11: warning: unused variable 'adcResultInMv' [-Wunused-variable]
  uint32_t adcResultInMv=0; /*< ADC0 Result in miliVolts */
           ^~~~~~~~~~~~~
Finished building: ../src/main.c
 
Building target: s32k144_KNU_Driving_ABS_Simulator.elf
Invoking: Standard S32DS C Linker
arm-none-eabi-gcc -o "s32k144_KNU_Driving_ABS_Simulator.elf" "@s32k144_KNU_Driving_ABS_Simulator.args"   
Finished building target: s32k144_KNU_Driving_ABS_Simulator.elf
 
Invoking: Standard S32DS Print Size
arm-none-eabi-size --format=berkeley s32k144_KNU_Driving_ABS_Simulator.elf
   text	   data	    bss	    dec	    hex	filename
   2808	   1064	   3104	   6976	   1b40	s32k144_KNU_Driving_ABS_Simulator.elf
Finished building: s32k144_KNU_Driving_ABS_Simulator.siz
 
16:17:45 **** Incremental Build of configuration Debug_FLASH for project s32k144_KNU_Driving_ABS_Simulator ****
make -j16 all 
Building file: ../src/main.c
Invoking: Standard S32DS C Compiler
arm-none-eabi-gcc "@src/main.args" -MMD -MP -MF"src/main.d" -MT"src/main.o" -o "src/main.o" "../src/main.c"
../src/main.c: In function 'main':
../src/main.c:103:6: warning: unused variable 'D' [-Wunused-variable]
  int D=0;
      ^
../src/main.c:102:11: warning: unused variable 'adcResultInMv' [-Wunused-variable]
  uint32_t adcResultInMv=0; /*< ADC0 Result in miliVolts */
           ^~~~~~~~~~~~~
Finished building: ../src/main.c
 
Building target: s32k144_KNU_Driving_ABS_Simulator.elf
Invoking: Standard S32DS C Linker
arm-none-eabi-gcc -o "s32k144_KNU_Driving_ABS_Simulator.elf" "@s32k144_KNU_Driving_ABS_Simulator.args"   
Finished building target: s32k144_KNU_Driving_ABS_Simulator.elf
 
Invoking: Standard S32DS Print Size
arm-none-eabi-size --format=berkeley s32k144_KNU_Driving_ABS_Simulator.elf
   text	   data	    bss	    dec	    hex	filename
   2808	   1064	   3104	   6976	   1b40	s32k144_KNU_Driving_ABS_Simulator.elf
Finished building: s32k144_KNU_Driving_ABS_Simulator.siz
 
16:18:19 **** Incremental Build of configuration Debug_FLASH for project s32k144_KNU_Driving_ABS_Simulator ****
make -j16 all 
Building file: ../src/main.c
Invoking: Standard S32DS C Compiler
arm-none-eabi-gcc "@src/main.args" -MMD -MP -MF"src/main.d" -MT"src/main.o" -o "src/main.o" "../src/main.c"
../src/main.c: In function 'main':
../src/main.c:103:6: warning: unused variable 'D' [-Wunused-variable]
  int D=0;
      ^
../src/main.c:102:11: warning: unused variable 'adcResultInMv' [-Wunused-variable]
  uint32_t adcResultInMv=0; /*< ADC0 Result in miliVolts */
           ^~~~~~~~~~~~~
Finished building: ../src/main.c
 
Building target: s32k144_KNU_Driving_ABS_Simulator.elf
Invoking: Standard S32DS C Linker
arm-none-eabi-gcc -o "s32k144_KNU_Driving_ABS_Simulator.elf" "@s32k144_KNU_Driving_ABS_Simulator.args"   
Finished building target: s32k144_KNU_Driving_ABS_Simulator.elf
 
Invoking: Standard S32DS Print Size
arm-none-eabi-size --format=berkeley s32k144_KNU_Driving_ABS_Simulator.elf
   text	   data	    bss	    dec	    hex	filename
   2808	   1064	   3104	   6976	   1b40	s32k144_KNU_Driving_ABS_Simulator.elf
Finished building: s32k144_KNU_Driving_ABS_Simulator.siz
 
16:19:06 **** Incremental Build of configuration Debug_FLASH for project s32k144_KNU_Driving_ABS_Simulator ****
make -j16 all 
Building file: ../src/main.c
Invoking: Standard S32DS C Compiler
arm-none-eabi-gcc "@src/main.args" -MMD -MP -MF"src/main.d" -MT"src/main.o" -o "src/main.o" "../src/main.c"
../src/main.c: In function 'main':
../src/main.c:103:6: warning: unused variable 'D' [-Wunused-variable]
  int D=0;
      ^
../src/main.c:102:11: warning: unused variable 'adcResultInMv' [-Wunused-variable]
  uint32_t adcResultInMv=0; /*< ADC0 Result in miliVolts */
           ^~~~~~~~~~~~~
Finished building: ../src/main.c
 
Building target: s32k144_KNU_Driving_ABS_Simulator.elf
Invoking: Standard S32DS C Linker
arm-none-eabi-gcc -o "s32k144_KNU_Driving_ABS_Simulator.elf" "@s32k144_KNU_Driving_ABS_Simulator.args"   
Finished building target: s32k144_KNU_Driving_ABS_Simulator.elf
 
Invoking: Standard S32DS Print Size
arm-none-eabi-size --format=berkeley s32k144_KNU_Driving_ABS_Simulator.elf
   text	   data	    bss	    dec	    hex	filename
   2808	   1064	   3104	   6976	   1b40	s32k144_KNU_Driving_ABS_Simulator.elf
Finished building: s32k144_KNU_Driving_ABS_Simulator.siz
 
