13:53:41 **** Build of configuration Debug_FLASH for project s32k144_KNU_Driving_ABS_Simulator ****
make -j16 all 
Building file: ../src/main.c
Building file: ../Project_Settings/Startup_Code/startup.c
Building file: ../Project_Settings/Startup_Code/startup_S32K144.S
Invoking: Standard S32DS C Compiler
arm-none-eabi-gcc "@src/main.args" -MMD -MP -MF"src/main.d" -MT"src/main.o" -o "src/main.o" "../src/main.c"
Invoking: Standard S32DS C Compiler
arm-none-eabi-gcc "@Project_Settings/Startup_Code/startup.args" -MMD -MP -MF"Project_Settings/Startup_Code/startup.d" -MT"Project_Settings/Startup_Code/startup.o" -o "Project_Settings/Startup_Code/startup.o" "../Project_Settings/Startup_Code/startup.c"
Invoking: Standard S32DS Assembler
arm-none-eabi-gcc "@Project_Settings/Startup_Code/startup_S32K144.args" -o "Project_Settings/Startup_Code/startup_S32K144.o" "../Project_Settings/Startup_Code/startup_S32K144.S"
Building file: ../Project_Settings/Startup_Code/system_S32K144.c
Invoking: Standard S32DS C Compiler
arm-none-eabi-gcc "@Project_Settings/Startup_Code/startup.args" -MMD -MP -MF"Project_Settings/Startup_Code/system_S32K144.d" -MT"Project_Settings/Startup_Code/system_S32K144.o" -o "Project_Settings/Startup_Code/system_S32K144.o" "../Project_Settings/Startup_Code/system_S32K144.c"
Finished building: ../Project_Settings/Startup_Code/startup_S32K144.S
 
Finished building: ../src/main.c
Finished building: ../Project_Settings/Startup_Code/startup.c
 
 
Finished building: ../Project_Settings/Startup_Code/system_S32K144.c
 
Building target: s32k144_KNU_Driving_ABS_Simulator.elf
Invoking: Standard S32DS C Linker
arm-none-eabi-gcc -o "s32k144_KNU_Driving_ABS_Simulator.elf" "@s32k144_KNU_Driving_ABS_Simulator.args"   
Finished building target: s32k144_KNU_Driving_ABS_Simulator.elf
 
Invoking: Standard S32DS Print Size
arm-none-eabi-size --format=berkeley s32k144_KNU_Driving_ABS_Simulator.elf
   text	   data	    bss	    dec	    hex	filename
   2652	   1064	   3104	   6820	   1aa4	s32k144_KNU_Driving_ABS_Simulator.elf
Finished building: s32k144_KNU_Driving_ABS_Simulator.siz
 
13:54:22 **** Incremental Build of configuration Debug_FLASH for project s32k144_KNU_Driving_ABS_Simulator ****
make -j16 all 
Invoking: Standard S32DS Print Size
arm-none-eabi-size --format=berkeley s32k144_KNU_Driving_ABS_Simulator.elf
   text	   data	    bss	    dec	    hex	filename
   2652	   1064	   3104	   6820	   1aa4	s32k144_KNU_Driving_ABS_Simulator.elf
Finished building: s32k144_KNU_Driving_ABS_Simulator.siz
 
13:58:25 **** Incremental Build of configuration Debug_FLASH for project s32k144_KNU_Driving_ABS_Simulator ****
make -j16 all 
Invoking: Standard S32DS Print Size
arm-none-eabi-size --format=berkeley s32k144_KNU_Driving_ABS_Simulator.elf
   text	   data	    bss	    dec	    hex	filename
   2652	   1064	   3104	   6820	   1aa4	s32k144_KNU_Driving_ABS_Simulator.elf
Finished building: s32k144_KNU_Driving_ABS_Simulator.siz
 
13:59:15 **** Incremental Build of configuration Debug_FLASH for project s32k144_KNU_Driving_ABS_Simulator ****
make -j16 all 
Invoking: Standard S32DS Print Size
arm-none-eabi-size --format=berkeley s32k144_KNU_Driving_ABS_Simulator.elf
   text	   data	    bss	    dec	    hex	filename
   2652	   1064	   3104	   6820	   1aa4	s32k144_KNU_Driving_ABS_Simulator.elf
Finished building: s32k144_KNU_Driving_ABS_Simulator.siz
 
13:59:47 **** Incremental Build of configuration Debug_FLASH for project s32k144_KNU_Driving_ABS_Simulator ****
make -j16 all 
Invoking: Standard S32DS Print Size
arm-none-eabi-size --format=berkeley s32k144_KNU_Driving_ABS_Simulator.elf
   text	   data	    bss	    dec	    hex	filename
   2652	   1064	   3104	   6820	   1aa4	s32k144_KNU_Driving_ABS_Simulator.elf
Finished building: s32k144_KNU_Driving_ABS_Simulator.siz
 
14:00:18 **** Incremental Build of configuration Debug_FLASH for project s32k144_KNU_Driving_ABS_Simulator ****
make -j16 all 
Invoking: Standard S32DS Print Size
arm-none-eabi-size --format=berkeley s32k144_KNU_Driving_ABS_Simulator.elf
   text	   data	    bss	    dec	    hex	filename
   2652	   1064	   3104	   6820	   1aa4	s32k144_KNU_Driving_ABS_Simulator.elf
Finished building: s32k144_KNU_Driving_ABS_Simulator.siz
 
