17:44:21 **** Incremental Build of configuration Debug_FLASH for project s32k144_KNU_Driving_ABS_Simulator ****
make -j16 all 
Building file: ../src/main.c
Invoking: Standard S32DS C Compiler
arm-none-eabi-gcc "@src/main.args" -MMD -MP -MF"src/main.d" -MT"src/main.o" -o "src/main.o" "../src/main.c"
Finished building: ../src/main.c
 
Building target: s32k144_KNU_Driving_ABS_Simulator.elf
Invoking: Standard S32DS C Linker
arm-none-eabi-gcc -o "s32k144_KNU_Driving_ABS_Simulator.elf" "@s32k144_KNU_Driving_ABS_Simulator.args"   
Finished building target: s32k144_KNU_Driving_ABS_Simulator.elf
 
Invoking: Standard S32DS Print Size
arm-none-eabi-size --format=berkeley s32k144_KNU_Driving_ABS_Simulator.elf
   text	   data	    bss	    dec	    hex	filename
   4028	   1136	   3128	   8292	   2064	s32k144_KNU_Driving_ABS_Simulator.elf
Finished building: s32k144_KNU_Driving_ABS_Simulator.siz
 

17:44:23 Build Finished (took 1s.383ms)

